Archive member included to satisfy reference by file (symbol)

d:/st/stm32cubeide_1.9.0/stm32cubeide/plugins/com.st.stm32cube.ide.mcu.externaltools.gnu-tools-for-stm32.10.3-2021.10.win32_1.0.0.202111181127/tools/bin/../lib/gcc/arm-none-eabi/10.3.1/../../../../arm-none-eabi/lib/thumb/v7e-m+fp/hard\libc_nano.a(lib_a-errno.o)
                              ./Core/Src/syscalls.o (__errno)
d:/st/stm32cubeide_1.9.0/stm32cubeide/plugins/com.st.stm32cube.ide.mcu.externaltools.gnu-tools-for-stm32.10.3-2021.10.win32_1.0.0.202111181127/tools/bin/../lib/gcc/arm-none-eabi/10.3.1/../../../../arm-none-eabi/lib/thumb/v7e-m+fp/hard\libc_nano.a(lib_a-exit.o)
                              d:/st/stm32cubeide_1.9.0/stm32cubeide/plugins/com.st.stm32cube.ide.mcu.externaltools.gnu-tools-for-stm32.10.3-2021.10.win32_1.0.0.202111181127/tools/bin/../lib/gcc/arm-none-eabi/10.3.1/../../../../arm-none-eabi/lib/thumb/v7e-m+fp/hard/crt0.o (exit)
d:/st/stm32cubeide_1.9.0/stm32cubeide/plugins/com.st.stm32cube.ide.mcu.externaltools.gnu-tools-for-stm32.10.3-2021.10.win32_1.0.0.202111181127/tools/bin/../lib/gcc/arm-none-eabi/10.3.1/../../../../arm-none-eabi/lib/thumb/v7e-m+fp/hard\libc_nano.a(lib_a-impure.o)
                              d:/st/stm32cubeide_1.9.0/stm32cubeide/plugins/com.st.stm32cube.ide.mcu.externaltools.gnu-tools-for-stm32.10.3-2021.10.win32_1.0.0.202111181127/tools/bin/../lib/gcc/arm-none-eabi/10.3.1/../../../../arm-none-eabi/lib/thumb/v7e-m+fp/hard\libc_nano.a(lib_a-exit.o) (_global_impure_ptr)
d:/st/stm32cubeide_1.9.0/stm32cubeide/plugins/com.st.stm32cube.ide.mcu.externaltools.gnu-tools-for-stm32.10.3-2021.10.win32_1.0.0.202111181127/tools/bin/../lib/gcc/arm-none-eabi/10.3.1/../../../../arm-none-eabi/lib/thumb/v7e-m+fp/hard\libc_nano.a(lib_a-init.o)
                              d:/st/stm32cubeide_1.9.0/stm32cubeide/plugins/com.st.stm32cube.ide.mcu.externaltools.gnu-tools-for-stm32.10.3-2021.10.win32_1.0.0.202111181127/tools/bin/../lib/gcc/arm-none-eabi/10.3.1/../../../../arm-none-eabi/lib/thumb/v7e-m+fp/hard/crt0.o (__libc_init_array)
d:/st/stm32cubeide_1.9.0/stm32cubeide/plugins/com.st.stm32cube.ide.mcu.externaltools.gnu-tools-for-stm32.10.3-2021.10.win32_1.0.0.202111181127/tools/bin/../lib/gcc/arm-none-eabi/10.3.1/../../../../arm-none-eabi/lib/thumb/v7e-m+fp/hard\libc_nano.a(lib_a-malloc.o)
                              ./Middlewares/ST/STM32_USB_Host_Library/Class/CDC/Src/usbh_cdc.o (malloc)
d:/st/stm32cubeide_1.9.0/stm32cubeide/plugins/com.st.stm32cube.ide.mcu.externaltools.gnu-tools-for-stm32.10.3-2021.10.win32_1.0.0.202111181127/tools/bin/../lib/gcc/arm-none-eabi/10.3.1/../../../../arm-none-eabi/lib/thumb/v7e-m+fp/hard\libc_nano.a(lib_a-memset.o)
                              d:/st/stm32cubeide_1.9.0/stm32cubeide/plugins/com.st.stm32cube.ide.mcu.externaltools.gnu-tools-for-stm32.10.3-2021.10.win32_1.0.0.202111181127/tools/bin/../lib/gcc/arm-none-eabi/10.3.1/../../../../arm-none-eabi/lib/thumb/v7e-m+fp/hard/crt0.o (memset)
d:/st/stm32cubeide_1.9.0/stm32cubeide/plugins/com.st.stm32cube.ide.mcu.externaltools.gnu-tools-for-stm32.10.3-2021.10.win32_1.0.0.202111181127/tools/bin/../lib/gcc/arm-none-eabi/10.3.1/../../../../arm-none-eabi/lib/thumb/v7e-m+fp/hard\libc_nano.a(lib_a-nano-freer.o)
                              d:/st/stm32cubeide_1.9.0/stm32cubeide/plugins/com.st.stm32cube.ide.mcu.externaltools.gnu-tools-for-stm32.10.3-2021.10.win32_1.0.0.202111181127/tools/bin/../lib/gcc/arm-none-eabi/10.3.1/../../../../arm-none-eabi/lib/thumb/v7e-m+fp/hard\libc_nano.a(lib_a-malloc.o) (_free_r)
d:/st/stm32cubeide_1.9.0/stm32cubeide/plugins/com.st.stm32cube.ide.mcu.externaltools.gnu-tools-for-stm32.10.3-2021.10.win32_1.0.0.202111181127/tools/bin/../lib/gcc/arm-none-eabi/10.3.1/../../../../arm-none-eabi/lib/thumb/v7e-m+fp/hard\libc_nano.a(lib_a-nano-mallocr.o)
                              d:/st/stm32cubeide_1.9.0/stm32cubeide/plugins/com.st.stm32cube.ide.mcu.externaltools.gnu-tools-for-stm32.10.3-2021.10.win32_1.0.0.202111181127/tools/bin/../lib/gcc/arm-none-eabi/10.3.1/../../../../arm-none-eabi/lib/thumb/v7e-m+fp/hard\libc_nano.a(lib_a-malloc.o) (_malloc_r)
d:/st/stm32cubeide_1.9.0/stm32cubeide/plugins/com.st.stm32cube.ide.mcu.externaltools.gnu-tools-for-stm32.10.3-2021.10.win32_1.0.0.202111181127/tools/bin/../lib/gcc/arm-none-eabi/10.3.1/../../../../arm-none-eabi/lib/thumb/v7e-m+fp/hard\libc_nano.a(lib_a-sbrkr.o)
                              d:/st/stm32cubeide_1.9.0/stm32cubeide/plugins/com.st.stm32cube.ide.mcu.externaltools.gnu-tools-for-stm32.10.3-2021.10.win32_1.0.0.202111181127/tools/bin/../lib/gcc/arm-none-eabi/10.3.1/../../../../arm-none-eabi/lib/thumb/v7e-m+fp/hard\libc_nano.a(lib_a-nano-mallocr.o) (_sbrk_r)
d:/st/stm32cubeide_1.9.0/stm32cubeide/plugins/com.st.stm32cube.ide.mcu.externaltools.gnu-tools-for-stm32.10.3-2021.10.win32_1.0.0.202111181127/tools/bin/../lib/gcc/arm-none-eabi/10.3.1/../../../../arm-none-eabi/lib/thumb/v7e-m+fp/hard\libc_nano.a(lib_a-mlock.o)
[...]
Memory Configuration

Name             Origin             Length             Attributes
CCMRAM           0x0000000010000000 0x0000000000010000 xrw
RAM              0x0000000020000000 0x0000000000020000 xrw
FLASH            0x0000000008000000 0x0000000000100000 xr
*default*        0x0000000000000000 0xffffffffffffffff

Linker script and memory map

LOAD d:/st/stm32cubeide_1.9.0/stm32cubeide/plugins/com.st.stm32cube.ide.mcu.externaltools.gnu-tools-for-stm32.10.3-2021.10.win32_1.0.0.202111181127/tools/bin/../lib/gcc/arm-none-eabi/10.3.1/thumb/v7e-m+fp/hard/crti.o
LOAD d:/st/stm32cubeide_1.9.0/stm32cubeide/plugins/com.st.stm32cube.ide.mcu.externaltools.gnu-tools-for-stm32.10.3-2021.10.win32_1.0.0.202111181127/tools/bin/../lib/gcc/arm-none-eabi/10.3.1/thumb/v7e-m+fp/hard/crtbegin.o
LOAD d:/st/stm32cubeide_1.9.0/stm32cubeide/plugins/com.st.stm32cube.ide.mcu.externaltools.gnu-tools-for-stm32.10.3-2021.10.win32_1.0.0.202111181127/tools/bin/../lib/gcc/arm-none-eabi/10.3.1/../../../../arm-none-eabi/lib/thumb/v7e-m+fp/hard/crt0.o
LOAD ./Core/Src/LCD_LIB.o
LOAD ./Core/Src/gpio.o
LOAD ./Core/Src/i2c.o
LOAD ./Core/Src/i2s.o
LOAD ./Core/Src/main.o
LOAD ./Core/Src/spi.o
LOAD ./Core/Src/stm32f4xx_hal_msp.o
LOAD ./Core/Src/stm32f4xx_it.o
LOAD ./Core/Src/syscalls.o
LOAD ./Core/Src/sysmem.o
LOAD ./Core/Src/system_stm32f4xx.o
LOAD ./Core/Src/tim.o
LOAD ./Core/Startup/startup_stm32f407vgtx.o
LOAD ./Drivers/STM32F4xx_HAL_Driver/Src/stm32f4xx_hal.o
LOAD ./Drivers/STM32F4xx_HAL_Driver/Src/stm32f4xx_hal_cortex.o
LOAD ./Drivers/STM32F4xx_HAL_Driver/Src/stm32f4xx_hal_dma.o
LOAD ./Drivers/STM32F4xx_HAL_Driver/Src/stm32f4xx_hal_dma_ex.o
LOAD ./Drivers/STM32F4xx_HAL_Driver/Src/stm32f4xx_hal_exti.o
LOAD ./Drivers/STM32F4xx_HAL_Driver/Src/stm32f4xx_hal_flash.o
LOAD ./Drivers/STM32F4xx_HAL_Driver/Src/stm32f4xx_hal_flash_ex.o
LOAD ./Drivers/STM32F4xx_HAL_Driver/Src/stm32f4xx_hal_flash_ramfunc.o
LOAD ./Drivers/STM32F4xx_HAL_Driver/Src/stm32f4xx_hal_gpio.o
LOAD ./Drivers/STM32F4xx_HAL_Driver/Src/stm32f4xx_hal_hcd.o
LOAD ./Drivers/STM32F4xx_HAL_Driver/Src/stm32f4xx_hal_i2c.o
LOAD ./Drivers/STM32F4xx_HAL_Driver/Src/stm32f4xx_hal_i2c_ex.o
LOAD ./Drivers/STM32F4xx_HAL_Driver/Src/stm32f4xx_hal_i2s.o
LOAD ./Drivers/STM32F4xx_HAL_Driver/Src/stm32f4xx_hal_i2s_ex.o
LOAD ./Drivers/STM32F4xx_HAL_Driver/Src/stm32f4xx_hal_pwr.o
LOAD ./Drivers/STM32F4xx_HAL_Driver/Src/stm32f4xx_hal_pwr_ex.o
LOAD ./Drivers/STM32F4xx_HAL_Driver/Src/stm32f4xx_hal_rcc.o
LOAD ./Drivers/STM32F4xx_HAL_Driver/Src/stm32f4xx_hal_rcc_ex.o
LOAD ./Drivers/STM32F4xx_HAL_Driver/Src/stm32f4xx_hal_spi.o
LOAD ./Drivers/STM32F4xx_HAL_Driver/Src/stm32f4xx_hal_tim.o
LOAD ./Drivers/STM32F4xx_HAL_Driver/Src/stm32f4xx_hal_tim_ex.o
LOAD ./Drivers/STM32F4xx_HAL_Driver/Src/stm32f4xx_ll_usb.o
LOAD ./Middlewares/ST/STM32_USB_Host_Library/Class/CDC/Src/usbh_cdc.o
LOAD ./Middlewares/ST/STM32_USB_Host_Library/Core/Src/usbh_core.o
LOAD ./Middlewares/ST/STM32_USB_Host_Library/Core/Src/usbh_ctlreq.o
LOAD ./Middlewares/ST/STM32_USB_Host_Library/Core/Src/usbh_ioreq.o
LOAD ./Middlewares/ST/STM32_USB_Host_Library/Core/Src/usbh_pipes.o
LOAD ./USB_HOST/App/usb_host.o
LOAD ./USB_HOST/Target/usbh_conf.o
LOAD ./USB_HOST/Target/usbh_platform.o
START GROUP
LOAD d:/st/stm32cubeide_1.9.0/stm32cubeide/plugins/com.st.stm32cube.ide.mcu.externaltools.gnu-tools-for-stm32.10.3-2021.10.win32_1.0.0.202111181127/tools/bin/../lib/gcc/arm-none-eabi/10.3.1/../../../../arm-none-eabi/lib/thumb/v7e-m+fp/hard\libc_nano.a
LOAD d:/st/stm32cubeide_1.9.0/stm32cubeide/plugins/com.st.stm32cube.ide.mcu.externaltools.gnu-tools-for-stm32.10.3-2021.10.win32_1.0.0.202111181127/tools/bin/../lib/gcc/arm-none-eabi/10.3.1/../../../../arm-none-eabi/lib/thumb/v7e-m+fp/hard\libm.a
END GROUP
START GROUP
LOAD d:/st/stm32cubeide_1.9.0/stm32cubeide/plugins/com.st.stm32cube.ide.mcu.externaltools.gnu-tools-for-stm32.10.3-2021.10.win32_1.0.0.202111181127/tools/bin/../lib/gcc/arm-none-eabi/10.3.1/thumb/v7e-m+fp/hard\libgcc.a
LOAD d:/st/stm32cubeide_1.9.0/stm32cubeide/plugins/com.st.stm32cube.ide.mcu.externaltools.gnu-tools-for-stm32.10.3-2021.10.win32_1.0.0.202111181127/tools/bin/../lib/gcc/arm-none-eabi/10.3.1/../../../../arm-none-eabi/lib/thumb/v7e-m+fp/hard\libc_nano.a
END GROUP
START GROUP
LOAD d:/st/stm32cubeide_1.9.0/stm32cubeide/plugins/com.st.stm32cube.ide.mcu.externaltools.gnu-tools-for-stm32.10.3-2021.10.win32_1.0.0.202111181127/tools/bin/../lib/gcc/arm-none-eabi/10.3.1/thumb/v7e-m+fp/hard\libgcc.a
LOAD d:/st/stm32cubeide_1.9.0/stm32cubeide/plugins/com.st.stm32cube.ide.mcu.externaltools.gnu-tools-for-stm32.10.3-2021.10.win32_1.0.0.202111181127/tools/bin/../lib/gcc/arm-none-eabi/10.3.1/../../../../arm-none-eabi/lib/thumb/v7e-m+fp/hard\libc_nano.a
LOAD d:/st/stm32cubeide_1.9.0/stm32cubeide/plugins/com.st.stm32cube.ide.mcu.externaltools.gnu-tools-for-stm32.10.3-2021.10.win32_1.0.0.202111181127/tools/bin/../lib/gcc/arm-none-eabi/10.3.1/../../../../arm-none-eabi/lib/thumb/v7e-m+fp/hard\libnosys.a
END GROUP
START GROUP
LOAD d:/st/stm32cubeide_1.9.0/stm32cubeide/plugins/com.st.stm32cube.ide.mcu.externaltools.gnu-tools-for-stm32.10.3-2021.10.win32_1.0.0.202111181127/tools/bin/../lib/gcc/arm-none-eabi/10.3.1/thumb/v7e-m+fp/hard\libgcc.a
LOAD d:/st/stm32cubeide_1.9.0/stm32cubeide/plugins/com.st.stm32cube.ide.mcu.externaltools.gnu-tools-for-stm32.10.3-2021.10.win32_1.0.0.202111181127/tools/bin/../lib/gcc/arm-none-eabi/10.3.1/../../../../arm-none-eabi/lib/thumb/v7e-m+fp/hard\libc_nano.a
LOAD d:/st/stm32cubeide_1.9.0/stm32cubeide/plugins/com.st.stm32cube.ide.mcu.externaltools.gnu-tools-for-stm32.10.3-2021.10.win32_1.0.0.202111181127/tools/bin/../lib/gcc/arm-none-eabi/10.3.1/../../../../arm-none-eabi/lib/thumb/v7e-m+fp/hard\libnosys.a
END GROUP
LOAD d:/st/stm32cubeide_1.9.0/stm32cubeide/plugins/com.st.stm32cube.ide.mcu.externaltools.gnu-tools-for-stm32.10.3-2021.10.win32_1.0.0.202111181127/tools/bin/../lib/gcc/arm-none-eabi/10.3.1/thumb/v7e-m+fp/hard/crtend.o
LOAD d:/st/stm32cubeide_1.9.0/stm32cubeide/plugins/com.st.stm32cube.ide.mcu.externaltools.gnu-tools-for-stm32.10.3-2021.10.win32_1.0.0.202111181127/tools/bin/../lib/gcc/arm-none-eabi/10.3.1/thumb/v7e-m+fp/hard/crtn.o
                0x0000000020020000                _estack = (ORIGIN (RAM) + LENGTH (RAM))
                0x0000000000000200                _Min_Heap_Size = 0x200
                0x0000000000000400                _Min_Stack_Size = 0x400

.isr_vector     0x0000000008000000      0x188
                0x0000000008000000                . = ALIGN (0x4)
 *(.isr_vector)
 .isr_vector    0x0000000008000000      0x188 ./Core/Startup/startup_stm32f407vgtx.o
                0x0000000008000000                g_pfnVectors
                0x0000000008000188                . = ALIGN (0x4)

.text           0x0000000008000188     0x8320
                0x0000000008000188                . = ALIGN (0x4)
 *(.text)
 .text          0x0000000008000188       0x40 d:/st/stm32cubeide_1.9.0/stm32cubeide/plugins/com.st.stm32cube.ide.mcu.externaltools.gnu-tools-for-stm32.10.3-2021.10.win32_1.0.0.202111181127/tools/bin/../lib/gcc/arm-none-eabi/10.3.1/thumb/v7e-m+fp/hard/crtbegin.o
 .text          0x00000000080001c8       0x30 d:/st/stm32cubeide_1.9.0/stm32cubeide/plugins/com.st.stm32cube.ide.mcu.externaltools.gnu-tools-for-stm32.10.3-2021.10.win32_1.0.0.202111181127/tools/bin/../lib/gcc/arm-none-eabi/10.3.1/thumb/v7e-m+fp/hard\libgcc.a(_aeabi_uldivmod.o)
                0x00000000080001c8                __aeabi_uldivmod
 .text          0x00000000080001f8      0x2d0 d:/st/stm32cubeide_1.9.0/stm32cubeide/plugins/com.st.stm32cube.ide.mcu.externaltools.gnu-tools-for-stm32.10.3-2021.10.win32_1.0.0.202111181127/tools/bin/../lib/gcc/arm-none-eabi/10.3.1/thumb/v7e-m+fp/hard\libgcc.a(_udivmoddi4.o)
                0x00000000080001f8                __udivmoddi4
 .text          0x00000000080004c8        0x4 d:/st/stm32cubeide_1.9.0/stm32cubeide/plugins/com.st.stm32cube.ide.mcu.externaltools.gnu-tools-for-stm32.10.3-2021.10.win32_1.0.0.202111181127/tools/bin/../lib/gcc/arm-none-eabi/10.3.1/thumb/v7e-m+fp/hard\libgcc.a(_dvmd_tls.o)
                0x00000000080004c8                __aeabi_idiv0
                0x00000000080004c8                __aeabi_ldiv0
 *(.text*)
 .text.LCD_init
                0x00000000080004cc       0x44 ./Core/Src/LCD_LIB.o
                0x00000000080004cc                LCD_init
 .text.LCD_send_data
                0x0000000008000510       0x34 ./Core/Src/LCD_LIB.o
                0x0000000008000510                LCD_send_data
 .text.LCD_send_cmd
                0x0000000008000544       0x34 ./Core/Src/LCD_LIB.o
                0x0000000008000544                LCD_send_cmd
 .text.LCD_send
                0x0000000008000578       0xa4 ./Core/Src/LCD_LIB.o
                0x0000000008000578                LCD_send
 .text.LCD_send_string
                0x000000000800061c       0x30 ./Core/Src/LCD_LIB.o
                0x000000000800061c                LCD_send_string
 .text.LCD_cur  0x000000000800064c       0x3e ./Core/Src/LCD_LIB.o
                0x000000000800064c                LCD_cur
 .text.LCD_cls  0x000000000800068a       0x14 ./Core/Src/LCD_LIB.o
                0x000000000800068a                LCD_cls
 *fill*         0x000000000800069e        0x2 
 .text.MX_GPIO_Init
                0x00000000080006a0      0x200 ./Core/Src/gpio.o
                0x00000000080006a0                MX_GPIO_Init
 .text.MX_I2C1_Init
                0x00000000080008a0       0x5c ./Core/Src/i2c.o
                0x00000000080008a0                MX_I2C1_Init
 .text.HAL_I2C_MspInit
                0x00000000080008fc       0x90 ./Core/Src/i2c.o
                0x00000000080008fc                HAL_I2C_MspInit
 .text.MX_I2S3_Init
                0x000000000800098c       0x60 ./Core/Src/i2s.o
                0x000000000800098c                MX_I2S3_Init
 .text.HAL_I2S_MspInit
                0x00000000080009ec      0x100 ./Core/Src/i2s.o
                0x00000000080009ec                HAL_I2S_MspInit
 .text.main     0x0000000008000aec       0x44 ./Core/Src/main.o
                0x0000000008000aec                main
 .text.SystemClock_Config
                0x0000000008000b30       0xd4 ./Core/Src/main.o
                0x0000000008000b30                SystemClock_Config
 .text.Error_Handler
                0x0000000008000c04        0xa ./Core/Src/main.o
                0x0000000008000c04                Error_Handler
 *fill*         0x0000000008000c0e        0x2 
 .text.MX_SPI1_Init
                0x0000000008000c10       0x6c ./Core/Src/spi.o
                0x0000000008000c10                MX_SPI1_Init
 .text.HAL_SPI_MspInit
                0x0000000008000c7c       0x90 ./Core/Src/spi.o
                0x0000000008000c7c                HAL_SPI_MspInit
 .text.HAL_MspInit
                0x0000000008000d0c       0x50 ./Core/Src/stm32f4xx_hal_msp.o
                0x0000000008000d0c                HAL_MspInit
 .text.NMI_Handler
                0x0000000008000d5c        0x6 ./Core/Src/stm32f4xx_it.o
                0x0000000008000d5c                NMI_Handler
 .text.HardFault_Handler
                0x0000000008000d62        0x6 ./Core/Src/stm32f4xx_it.o
                0x0000000008000d62                HardFault_Handler
 .text.MemManage_Handler
                0x0000000008000d68        0x6 ./Core/Src/stm32f4xx_it.o
                0x0000000008000d68                MemManage_Handler
 .text.BusFault_Handler
                0x0000000008000d6e        0x6 ./Core/Src/stm32f4xx_it.o
                0x0000000008000d6e                BusFault_Handler
 .text.UsageFault_Handler
                0x0000000008000d74        0x6 ./Core/Src/stm32f4xx_it.o
                0x0000000008000d74                UsageFault_Handler
 .text.SVC_Handler
                0x0000000008000d7a        0xe ./Core/Src/stm32f4xx_it.o
                0x0000000008000d7a                SVC_Handler
 .text.DebugMon_Handler
                0x0000000008000d88        0xe ./Core/Src/stm32f4xx_it.o
                0x0000000008000d88                DebugMon_Handler
 .text.PendSV_Handler
                0x0000000008000d96        0xe ./Core/Src/stm32f4xx_it.o
                0x0000000008000d96                PendSV_Handler
 .text.SysTick_Handler
                0x0000000008000da4        0xc ./Core/Src/stm32f4xx_it.o
                0x0000000008000da4                SysTick_Handler
 .text.OTG_FS_IRQHandler
                0x0000000008000db0       0x14 ./Core/Src/stm32f4xx_it.o
                0x0000000008000db0                OTG_FS_IRQHandler
 .text._sbrk    0x0000000008000dc4       0x6c ./Core/Src/sysmem.o
                0x0000000008000dc4                _sbrk
 .text.SystemInit
                0x0000000008000e30       0x24 ./Core/Src/system_stm32f4xx.o
                0x0000000008000e30                SystemInit
 .text.MX_TIM1_Init
                0x0000000008000e54       0xa0 ./Core/Src/tim.o
                0x0000000008000e54                MX_TIM1_Init
 .text.HAL_TIM_Base_MspInit
                0x0000000008000ef4       0x44 ./Core/Src/tim.o
                0x0000000008000ef4                HAL_TIM_Base_MspInit
 .text.Reset_Handler
                0x0000000008000f38       0x50 ./Core/Startup/startup_stm32f407vgtx.o
                0x0000000008000f38                Reset_Handler
 .text.Default_Handler
                0x0000000008000f88        0x2 ./Core/Startup/startup_stm32f407vgtx.o
                0x0000000008000f88                RTC_Alarm_IRQHandler
                0x0000000008000f88                HASH_RNG_IRQHandler
                0x0000000008000f88                EXTI2_IRQHandler
                0x0000000008000f88                TIM8_CC_IRQHandler
                0x0000000008000f88                TIM1_CC_IRQHandler
                0x0000000008000f88                DMA2_Stream5_IRQHandler
                0x0000000008000f88                DMA1_Stream5_IRQHandler
                0x0000000008000f88                PVD_IRQHandler
                0x0000000008000f88                SDIO_IRQHandler
                0x0000000008000f88                TAMP_STAMP_IRQHandler
                0x0000000008000f88                CAN2_RX1_IRQHandler
                0x0000000008000f88                EXTI3_IRQHandler
                0x0000000008000f88                TIM8_TRG_COM_TIM14_IRQHandler
                0x0000000008000f88                TIM1_UP_TIM10_IRQHandler
                0x0000000008000f88                TIM8_UP_TIM13_IRQHandler
                0x0000000008000f88                I2C3_ER_IRQHandler
                0x0000000008000f88                EXTI0_IRQHandler
                0x0000000008000f88                I2C2_EV_IRQHandler
                0x0000000008000f88                DMA1_Stream2_IRQHandler
                0x0000000008000f88                CAN1_RX0_IRQHandler
                0x0000000008000f88                FPU_IRQHandler
                0x0000000008000f88                OTG_HS_WKUP_IRQHandler
                0x0000000008000f88                CAN2_SCE_IRQHandler
                0x0000000008000f88                DMA2_Stream2_IRQHandler
                0x0000000008000f88                SPI1_IRQHandler
                0x0000000008000f88                TIM6_DAC_IRQHandler
                0x0000000008000f88                TIM1_BRK_TIM9_IRQHandler
                0x0000000008000f88                DCMI_IRQHandler
                0x0000000008000f88                CAN2_RX0_IRQHandler
                0x0000000008000f88                DMA2_Stream3_IRQHandler
                0x0000000008000f88                USART6_IRQHandler
                0x0000000008000f88                USART3_IRQHandler
                0x0000000008000f88                CAN1_RX1_IRQHandler
                0x0000000008000f88                UART5_IRQHandler
                0x0000000008000f88                DMA2_Stream0_IRQHandler
                0x0000000008000f88                TIM4_IRQHandler
                0x0000000008000f88                I2C1_EV_IRQHandler
                0x0000000008000f88                DMA1_Stream6_IRQHandler
                0x0000000008000f88                DMA1_Stream1_IRQHandler
                0x0000000008000f88                UART4_IRQHandler
                0x0000000008000f88                TIM3_IRQHandler
                0x0000000008000f88                RCC_IRQHandler
                0x0000000008000f88                TIM8_BRK_TIM12_IRQHandler
                0x0000000008000f88                Default_Handler
                0x0000000008000f88                EXTI15_10_IRQHandler
                0x0000000008000f88                ADC_IRQHandler
                0x0000000008000f88                DMA1_Stream7_IRQHandler
                0x0000000008000f88                TIM7_IRQHandler
                0x0000000008000f88                CAN2_TX_IRQHandler
                0x0000000008000f88                TIM5_IRQHandler
                0x0000000008000f88                DMA2_Stream7_IRQHandler
                0x0000000008000f88                I2C3_EV_IRQHandler
                0x0000000008000f88                EXTI9_5_IRQHandler
                0x0000000008000f88                RTC_WKUP_IRQHandler
                0x0000000008000f88                ETH_WKUP_IRQHandler
                0x0000000008000f88                SPI2_IRQHandler
                0x0000000008000f88                OTG_HS_EP1_IN_IRQHandler
                0x0000000008000f88                DMA1_Stream0_IRQHandler
                0x0000000008000f88                CAN1_TX_IRQHandler
                0x0000000008000f88                EXTI4_IRQHandler
                0x0000000008000f88                FSMC_IRQHandler
                0x0000000008000f88                ETH_IRQHandler
                0x0000000008000f88                OTG_HS_EP1_OUT_IRQHandler
                0x0000000008000f88                WWDG_IRQHandler
                0x0000000008000f88                TIM2_IRQHandler
                0x0000000008000f88                OTG_FS_WKUP_IRQHandler
                0x0000000008000f88                TIM1_TRG_COM_TIM11_IRQHandler
                0x0000000008000f88                OTG_HS_IRQHandler
                0x0000000008000f88                EXTI1_IRQHandler
                0x0000000008000f88                USART2_IRQHandler
                0x0000000008000f88                I2C2_ER_IRQHandler
                0x0000000008000f88                DMA2_Stream1_IRQHandler
                0x0000000008000f88                CAN1_SCE_IRQHandler
                0x0000000008000f88                FLASH_IRQHandler
                0x0000000008000f88                DMA2_Stream4_IRQHandler
                0x0000000008000f88                USART1_IRQHandler
                0x0000000008000f88                SPI3_IRQHandler
                0x0000000008000f88                DMA1_Stream4_IRQHandler
                0x0000000008000f88                I2C1_ER_IRQHandler
                0x0000000008000f88                DMA2_Stream6_IRQHandler
                0x0000000008000f88                DMA1_Stream3_IRQHandler
 *fill*         0x0000000008000f8a        0x2 
 .text.HAL_Init
                0x0000000008000f8c       0x44 ./Drivers/STM32F4xx_HAL_Driver/Src/stm32f4xx_hal.o
                0x0000000008000f8c                HAL_Init
 .text.HAL_InitTick
                0x0000000008000fd0       0x60 ./Drivers/STM32F4xx_HAL_Driver/Src/stm32f4xx_hal.o
                0x0000000008000fd0                HAL_InitTick
 .text.HAL_IncTick
                0x0000000008001030       0x28 ./Drivers/STM32F4xx_HAL_Driver/Src/stm32f4xx_hal.o
                0x0000000008001030                HAL_IncTick
 .text.HAL_GetTick
                0x0000000008001058       0x18 ./Drivers/STM32F4xx_HAL_Driver/Src/stm32f4xx_hal.o
                0x0000000008001058                HAL_GetTick
 .text.HAL_Delay
                0x0000000008001070       0x48 ./Drivers/STM32F4xx_HAL_Driver/Src/stm32f4xx_hal.o
                0x0000000008001070                HAL_Delay
 .text.__NVIC_SetPriorityGrouping
                0x00000000080010b8       0x48 ./Drivers/STM32F4xx_HAL_Driver/Src/stm32f4xx_hal_cortex.o
 .text.__NVIC_GetPriorityGrouping
                0x0000000008001100       0x1c ./Drivers/STM32F4xx_HAL_Driver/Src/stm32f4xx_hal_cortex.o
 .text.__NVIC_EnableIRQ
                0x000000000800111c       0x3c ./Drivers/STM32F4xx_HAL_Driver/Src/stm32f4xx_hal_cortex.o
 .text.__NVIC_SetPriority
                0x0000000008001158       0x54 ./Drivers/STM32F4xx_HAL_Driver/Src/stm32f4xx_hal_cortex.o
 .text.NVIC_EncodePriority
                0x00000000080011ac       0x66 ./Drivers/STM32F4xx_HAL_Driver/Src/stm32f4xx_hal_cortex.o
 *fill*         0x0000000008001212        0x2 
 .text.SysTick_Config
                0x0000000008001214       0x44 ./Drivers/STM32F4xx_HAL_Driver/Src/stm32f4xx_hal_cortex.o
 .text.HAL_NVIC_SetPriorityGrouping
                0x0000000008001258       0x16 ./Drivers/STM32F4xx_HAL_Driver/Src/stm32f4xx_hal_cortex.o
                0x0000000008001258                HAL_NVIC_SetPriorityGrouping
 .text.HAL_NVIC_SetPriority
                0x000000000800126e       0x38 ./Drivers/STM32F4xx_HAL_Driver/Src/stm32f4xx_hal_cortex.o
                0x000000000800126e                HAL_NVIC_SetPriority
 .text.HAL_NVIC_EnableIRQ
                0x00000000080012a6       0x1c ./Drivers/STM32F4xx_HAL_Driver/Src/stm32f4xx_hal_cortex.o
                0x00000000080012a6                HAL_NVIC_EnableIRQ
 .text.HAL_SYSTICK_Config
                0x00000000080012c2       0x18 ./Drivers/STM32F4xx_HAL_Driver/Src/stm32f4xx_hal_cortex.o
                0x00000000080012c2                HAL_SYSTICK_Config
 *fill*         0x00000000080012da        0x2 
 .text.HAL_GPIO_Init
                0x00000000080012dc      0x338 ./Drivers/STM32F4xx_HAL_Driver/Src/stm32f4xx_hal_gpio.o
                0x00000000080012dc                HAL_GPIO_Init
 .text.HAL_GPIO_WritePin
                0x0000000008001614       0x32 ./Drivers/STM32F4xx_HAL_Driver/Src/stm32f4xx_hal_gpio.o
                0x0000000008001614                HAL_GPIO_WritePin
 .text.HAL_HCD_Init
                0x0000000008001646       0xc4 ./Drivers/STM32F4xx_HAL_Driver/Src/stm32f4xx_hal_hcd.o
                0x0000000008001646                HAL_HCD_Init
 .text.HAL_HCD_HC_Init
                0x000000000800170a      0x11e ./Drivers/STM32F4xx_HAL_Driver/Src/stm32f4xx_hal_hcd.o
                0x000000000800170a                HAL_HCD_HC_Init
 .text.HAL_HCD_HC_Halt
                0x0000000008001828       0x46 ./Drivers/STM32F4xx_HAL_Driver/Src/stm32f4xx_hal_hcd.o
                0x0000000008001828                HAL_HCD_HC_Halt
 *fill*         0x000000000800186e        0x2 
 .text.HAL_HCD_HC_SubmitRequest
                0x0000000008001870      0x2ac ./Drivers/STM32F4xx_HAL_Driver/Src/stm32f4xx_hal_hcd.o
                0x0000000008001870                HAL_HCD_HC_SubmitRequest
 .text.HAL_HCD_IRQHandler
                0x0000000008001b1c      0x216 ./Drivers/STM32F4xx_HAL_Driver/Src/stm32f4xx_hal_hcd.o
                0x0000000008001b1c                HAL_HCD_IRQHandler
 .text.HAL_HCD_Start
                0x0000000008001d32       0x46 ./Drivers/STM32F4xx_HAL_Driver/Src/stm32f4xx_hal_hcd.o
                0x0000000008001d32                HAL_HCD_Start
 .text.HAL_HCD_Stop
                0x0000000008001d78       0x3a ./Drivers/STM32F4xx_HAL_Driver/Src/stm32f4xx_hal_hcd.o
                0x0000000008001d78                HAL_HCD_Stop
 .text.HAL_HCD_ResetPort
                0x0000000008001db2       0x1c ./Drivers/STM32F4xx_HAL_Driver/Src/stm32f4xx_hal_hcd.o
                0x0000000008001db2                HAL_HCD_ResetPort
 .text.HAL_HCD_HC_GetURBState
                0x0000000008001dce       0x28 ./Drivers/STM32F4xx_HAL_Driver/Src/stm32f4xx_hal_hcd.o
                0x0000000008001dce                HAL_HCD_HC_GetURBState
 .text.HAL_HCD_HC_GetXferCount
                0x0000000008001df6       0x28 ./Drivers/STM32F4xx_HAL_Driver/Src/stm32f4xx_hal_hcd.o
                0x0000000008001df6                HAL_HCD_HC_GetXferCount
 .text.HAL_HCD_GetCurrentFrame
                0x0000000008001e1e       0x1c ./Drivers/STM32F4xx_HAL_Driver/Src/stm32f4xx_hal_hcd.o
                0x0000000008001e1e                HAL_HCD_GetCurrentFrame
 .text.HAL_HCD_GetCurrentSpeed
                0x0000000008001e3a       0x1c ./Drivers/STM32F4xx_HAL_Driver/Src/stm32f4xx_hal_hcd.o
                0x0000000008001e3a                HAL_HCD_GetCurrentSpeed
 .text.HCD_HC_IN_IRQHandler
                0x0000000008001e56      0x6aa ./Drivers/STM32F4xx_HAL_Driver/Src/stm32f4xx_hal_hcd.o
 .text.HCD_HC_OUT_IRQHandler
                0x0000000008002500      0x6d2 ./Drivers/STM32F4xx_HAL_Driver/Src/stm32f4xx_hal_hcd.o
 .text.HCD_RXQLVL_IRQHandler
                0x0000000008002bd2      0x1a4 ./Drivers/STM32F4xx_HAL_Driver/Src/stm32f4xx_hal_hcd.o
 .text.HCD_Port_IRQHandler
                0x0000000008002d76       0xe6 ./Drivers/STM32F4xx_HAL_Driver/Src/stm32f4xx_hal_hcd.o
 .text.HAL_I2C_Init
                0x0000000008002e5c      0x288 ./Drivers/STM32F4xx_HAL_Driver/Src/stm32f4xx_hal_i2c.o
                0x0000000008002e5c                HAL_I2C_Init
 .text.HAL_I2S_Init
                0x00000000080030e4      0x280 ./Drivers/STM32F4xx_HAL_Driver/Src/stm32f4xx_hal_i2s.o
                0x00000000080030e4                HAL_I2S_Init
 .text.HAL_I2S_TxCpltCallback
                0x0000000008003364       0x14 ./Drivers/STM32F4xx_HAL_Driver/Src/stm32f4xx_hal_i2s.o
                0x0000000008003364                HAL_I2S_TxCpltCallback
 .text.HAL_I2S_RxCpltCallback
                0x0000000008003378       0x14 ./Drivers/STM32F4xx_HAL_Driver/Src/stm32f4xx_hal_i2s.o
                0x0000000008003378                HAL_I2S_RxCpltCallback
 .text.HAL_I2S_ErrorCallback
                0x000000000800338c       0x14 ./Drivers/STM32F4xx_HAL_Driver/Src/stm32f4xx_hal_i2s.o
                0x000000000800338c                HAL_I2S_ErrorCallback
 .text.I2S_Transmit_IT
                0x00000000080033a0       0x5c ./Drivers/STM32F4xx_HAL_Driver/Src/stm32f4xx_hal_i2s.o
 .text.I2S_Receive_IT
                0x00000000080033fc       0x5e ./Drivers/STM32F4xx_HAL_Driver/Src/stm32f4xx_hal_i2s.o
 .text.I2S_IRQHandler
                0x000000000800345a      0x114 ./Drivers/STM32F4xx_HAL_Driver/Src/stm32f4xx_hal_i2s.o
 *fill*         0x000000000800356e        0x2 
 .text.HAL_I2SEx_FullDuplex_IRQHandler
                0x0000000008003570      0x2a8 ./Drivers/STM32F4xx_HAL_Driver/Src/stm32f4xx_hal_i2s_ex.o
                0x0000000008003570                HAL_I2SEx_FullDuplex_IRQHandler
 .text.HAL_I2SEx_TxRxCpltCallback
                0x0000000008003818       0x14 ./Drivers/STM32F4xx_HAL_Driver/Src/stm32f4xx_hal_i2s_ex.o
                0x0000000008003818                HAL_I2SEx_TxRxCpltCallback
 .text.I2SEx_TxISR_I2S
                0x000000000800382c       0x62 ./Drivers/STM32F4xx_HAL_Driver/Src/stm32f4xx_hal_i2s_ex.o
 *fill*         0x000000000800388e        0x2 
 .text.I2SEx_TxISR_I2SExt
                0x0000000008003890       0x98 ./Drivers/STM32F4xx_HAL_Driver/Src/stm32f4xx_hal_i2s_ex.o
 .text.I2SEx_RxISR_I2S
                0x0000000008003928       0x64 ./Drivers/STM32F4xx_HAL_Driver/Src/stm32f4xx_hal_i2s_ex.o
 .text.I2SEx_RxISR_I2SExt
                0x000000000800398c       0x98 ./Drivers/STM32F4xx_HAL_Driver/Src/stm32f4xx_hal_i2s_ex.o
 .text.HAL_RCC_OscConfig
                0x0000000008003a24      0x4f0 ./Drivers/STM32F4xx_HAL_Driver/Src/stm32f4xx_hal_rcc.o
                0x0000000008003a24                HAL_RCC_OscConfig
 .text.HAL_RCC_ClockConfig
                0x0000000008003f14      0x1cc ./Drivers/STM32F4xx_HAL_Driver/Src/stm32f4xx_hal_rcc.o
                0x0000000008003f14                HAL_RCC_ClockConfig
 .text.HAL_RCC_GetSysClockFreq
                0x00000000080040e0      0x20c ./Drivers/STM32F4xx_HAL_Driver/Src/stm32f4xx_hal_rcc.o
                0x00000000080040e0                HAL_RCC_GetSysClockFreq
 .text.HAL_RCC_GetHCLKFreq
                0x00000000080042ec       0x18 ./Drivers/STM32F4xx_HAL_Driver/Src/stm32f4xx_hal_rcc.o
                0x00000000080042ec                HAL_RCC_GetHCLKFreq
 .text.HAL_RCC_GetPCLK1Freq
                0x0000000008004304       0x28 ./Drivers/STM32F4xx_HAL_Driver/Src/stm32f4xx_hal_rcc.o
                0x0000000008004304                HAL_RCC_GetPCLK1Freq
 .text.HAL_RCCEx_PeriphCLKConfig
                0x000000000800432c      0x1c4 ./Drivers/STM32F4xx_HAL_Driver/Src/stm32f4xx_hal_rcc_ex.o
                0x000000000800432c                HAL_RCCEx_PeriphCLKConfig
 .text.HAL_RCCEx_GetPeriphCLKFreq
                0x00000000080044f0       0xbc ./Drivers/STM32F4xx_HAL_Driver/Src/stm32f4xx_hal_rcc_ex.o
                0x00000000080044f0                HAL_RCCEx_GetPeriphCLKFreq
 .text.HAL_SPI_Init
                0x00000000080045ac      0x112 ./Drivers/STM32F4xx_HAL_Driver/Src/stm32f4xx_hal_spi.o
                0x00000000080045ac                HAL_SPI_Init
 .text.HAL_TIM_Base_Init
                0x00000000080046be       0x9e ./Drivers/STM32F4xx_HAL_Driver/Src/stm32f4xx_hal_tim.o
                0x00000000080046be                HAL_TIM_Base_Init
 .text.HAL_TIM_ConfigClockSource
                0x000000000800475c      0x18e ./Drivers/STM32F4xx_HAL_Driver/Src/stm32f4xx_hal_tim.o
                0x000000000800475c                HAL_TIM_ConfigClockSource
 *fill*         0x00000000080048ea        0x2 
 .text.TIM_Base_SetConfig
                0x00000000080048ec      0x140 ./Drivers/STM32F4xx_HAL_Driver/Src/stm32f4xx_hal_tim.o
                0x00000000080048ec                TIM_Base_SetConfig
 .text.TIM_TI1_ConfigInputStage
                0x0000000008004a2c       0x5e ./Drivers/STM32F4xx_HAL_Driver/Src/stm32f4xx_hal_tim.o
 .text.TIM_TI2_ConfigInputStage
                0x0000000008004a8a       0x60 ./Drivers/STM32F4xx_HAL_Driver/Src/stm32f4xx_hal_tim.o
 .text.TIM_ITRx_SetConfig
                0x0000000008004aea       0x36 ./Drivers/STM32F4xx_HAL_Driver/Src/stm32f4xx_hal_tim.o
 .text.TIM_ETR_SetConfig
                0x0000000008004b20       0x40 ./Drivers/STM32F4xx_HAL_Driver/Src/stm32f4xx_hal_tim.o
                0x0000000008004b20                TIM_ETR_SetConfig
 .text.HAL_TIMEx_MasterConfigSynchronization
                0x0000000008004b60       0xf8 ./Drivers/STM32F4xx_HAL_Driver/Src/stm32f4xx_hal_tim_ex.o
                0x0000000008004b60                HAL_TIMEx_MasterConfigSynchronization
 .text.USB_CoreInit
                0x0000000008004c58       0xc2 ./Drivers/STM32F4xx_HAL_Driver/Src/stm32f4xx_ll_usb.o
                0x0000000008004c58                USB_CoreInit
 .text.USB_EnableGlobalInt
                0x0000000008004d1a       0x22 ./Drivers/STM32F4xx_HAL_Driver/Src/stm32f4xx_ll_usb.o
                0x0000000008004d1a                USB_EnableGlobalInt
 .text.USB_DisableGlobalInt
                0x0000000008004d3c       0x22 ./Drivers/STM32F4xx_HAL_Driver/Src/stm32f4xx_ll_usb.o
                0x0000000008004d3c                USB_DisableGlobalInt
 .text.USB_SetCurrentMode
                0x0000000008004d5e       0x98 ./Drivers/STM32F4xx_HAL_Driver/Src/stm32f4xx_ll_usb.o
                0x0000000008004d5e                USB_SetCurrentMode
 *fill*         0x0000000008004df6        0x2 
 .text.USB_FlushTxFifo
                0x0000000008004df8       0x68 ./Drivers/STM32F4xx_HAL_Driver/Src/stm32f4xx_ll_usb.o
                0x0000000008004df8                USB_FlushTxFifo
 .text.USB_FlushRxFifo
                0x0000000008004e60       0x60 ./Drivers/STM32F4xx_HAL_Driver/Src/stm32f4xx_ll_usb.o
                0x0000000008004e60                USB_FlushRxFifo
 .text.USB_WritePacket
                0x0000000008004ec0       0x7c ./Drivers/STM32F4xx_HAL_Driver/Src/stm32f4xx_ll_usb.o
                0x0000000008004ec0                USB_WritePacket
 .text.USB_ReadPacket
                0x0000000008004f3c       0xb0 ./Drivers/STM32F4xx_HAL_Driver/Src/stm32f4xx_ll_usb.o
                0x0000000008004f3c                USB_ReadPacket
 .text.USB_ReadInterrupts
                0x0000000008004fec       0x26 ./Drivers/STM32F4xx_HAL_Driver/Src/stm32f4xx_ll_usb.o
                0x0000000008004fec                USB_ReadInterrupts
 .text.USB_GetMode
                0x0000000008005012       0x1c ./Drivers/STM32F4xx_HAL_Driver/Src/stm32f4xx_ll_usb.o
                0x0000000008005012                USB_GetMode
 *fill*         0x000000000800502e        0x2 
 .text.USB_CoreReset
                0x0000000008005030       0x68 ./Drivers/STM32F4xx_HAL_Driver/Src/stm32f4xx_ll_usb.o
 .text.USB_HostInit
                0x0000000008005098      0x180 ./Drivers/STM32F4xx_HAL_Driver/Src/stm32f4xx_ll_usb.o
                0x0000000008005098                USB_HostInit
 .text.USB_InitFSLSPClkSel
                0x0000000008005218       0x74 ./Drivers/STM32F4xx_HAL_Driver/Src/stm32f4xx_ll_usb.o
                0x0000000008005218                USB_InitFSLSPClkSel
 .text.USB_ResetPort
                0x000000000800528c       0x54 ./Drivers/STM32F4xx_HAL_Driver/Src/stm32f4xx_ll_usb.o
                0x000000000800528c                USB_ResetPort
 .text.USB_DriveVbus
                0x00000000080052e0       0x72 ./Drivers/STM32F4xx_HAL_Driver/Src/stm32f4xx_ll_usb.o
                0x00000000080052e0                USB_DriveVbus
 .text.USB_GetHostSpeed
                0x0000000008005352       0x2e ./Drivers/STM32F4xx_HAL_Driver/Src/stm32f4xx_ll_usb.o
                0x0000000008005352                USB_GetHostSpeed
 .text.USB_GetCurrentFrame
                0x0000000008005380       0x22 ./Drivers/STM32F4xx_HAL_Driver/Src/stm32f4xx_ll_usb.o
                0x0000000008005380                USB_GetCurrentFrame
 *fill*         0x00000000080053a2        0x2 
 .text.USB_HC_Init
                0x00000000080053a4      0x244 ./Drivers/STM32F4xx_HAL_Driver/Src/stm32f4xx_ll_usb.o
                0x00000000080053a4                USB_HC_Init
 .text.USB_HC_StartXfer
                0x00000000080055e8      0x284 ./Drivers/STM32F4xx_HAL_Driver/Src/stm32f4xx_ll_usb.o
                0x00000000080055e8                USB_HC_StartXfer
 .text.USB_HC_ReadInterrupt
                0x000000000800586c       0x22 ./Drivers/STM32F4xx_HAL_Driver/Src/stm32f4xx_ll_usb.o
                0x000000000800586c                USB_HC_ReadInterrupt
 .text.USB_HC_Halt
                0x000000000800588e      0x1f8 ./Drivers/STM32F4xx_HAL_Driver/Src/stm32f4xx_ll_usb.o
                0x000000000800588e                USB_HC_Halt
 *fill*         0x0000000008005a86        0x2 
 .text.USB_DoPing
                0x0000000008005a88       0x78 ./Drivers/STM32F4xx_HAL_Driver/Src/stm32f4xx_ll_usb.o
                0x0000000008005a88                USB_DoPing
 .text.USB_StopHost
                0x0000000008005b00      0x124 ./Drivers/STM32F4xx_HAL_Driver/Src/stm32f4xx_ll_usb.o
                0x0000000008005b00                USB_StopHost
 .text.USBH_CDC_InterfaceInit
                0x0000000008005c24      0x2ac ./Middlewares/ST/STM32_USB_Host_Library/Class/CDC/Src/usbh_cdc.o
 .text.USBH_CDC_InterfaceDeInit
                0x0000000008005ed0       0xb2 ./Middlewares/ST/STM32_USB_Host_Library/Class/CDC/Src/usbh_cdc.o
 .text.USBH_CDC_ClassRequest
                0x0000000008005f82       0x3e ./Middlewares/ST/STM32_USB_Host_Library/Class/CDC/Src/usbh_cdc.o
 .text.USBH_CDC_Process
                0x0000000008005fc0      0x12c ./Middlewares/ST/STM32_USB_Host_Library/Class/CDC/Src/usbh_cdc.o
 .text.USBH_CDC_SOFProcess
                0x00000000080060ec       0x16 ./Middlewares/ST/STM32_USB_Host_Library/Class/CDC/Src/usbh_cdc.o
 .text.GetLineCoding
                0x0000000008006102       0x3e ./Middlewares/ST/STM32_USB_Host_Library/Class/CDC/Src/usbh_cdc.o
 .text.SetLineCoding
                0x0000000008006140       0x3e ./Middlewares/ST/STM32_USB_Host_Library/Class/CDC/Src/usbh_cdc.o
 .text.CDC_ProcessTransmission
                0x000000000800617e       0xec ./Middlewares/ST/STM32_USB_Host_Library/Class/CDC/Src/usbh_cdc.o
 .text.CDC_ProcessReception
                0x000000000800626a       0xb6 ./Middlewares/ST/STM32_USB_Host_Library/Class/CDC/Src/usbh_cdc.o
 .text.USBH_CDC_TransmitCallback
                0x0000000008006320       0x14 ./Middlewares/ST/STM32_USB_Host_Library/Class/CDC/Src/usbh_cdc.o
                0x0000000008006320                USBH_CDC_TransmitCallback
 .text.USBH_CDC_ReceiveCallback
                0x0000000008006334       0x14 ./Middlewares/ST/STM32_USB_Host_Library/Class/CDC/Src/usbh_cdc.o
                0x0000000008006334                USBH_CDC_ReceiveCallback
 .text.USBH_CDC_LineCodingChanged
                0x0000000008006348       0x14 ./Middlewares/ST/STM32_USB_Host_Library/Class/CDC/Src/usbh_cdc.o
                0x0000000008006348                USBH_CDC_LineCodingChanged
 .text.USBH_Init
                0x000000000800635c       0x74 ./Middlewares/ST/STM32_USB_Host_Library/Core/Src/usbh_core.o
                0x000000000800635c                USBH_Init
 .text.DeInitStateMachine
                0x00000000080063d0       0xa8 ./Middlewares/ST/STM32_USB_Host_Library/Core/Src/usbh_core.o
 .text.USBH_RegisterClass
                0x0000000008006478       0x54 ./Middlewares/ST/STM32_USB_Host_Library/Core/Src/usbh_core.o
                0x0000000008006478                USBH_RegisterClass
 .text.USBH_SelectInterface
                0x00000000080064cc       0x38 ./Middlewares/ST/STM32_USB_Host_Library/Core/Src/usbh_core.o
                0x00000000080064cc                USBH_SelectInterface
 .text.USBH_FindInterface
                0x0000000008006504       0x8c ./Middlewares/ST/STM32_USB_Host_Library/Core/Src/usbh_core.o
                0x0000000008006504                USBH_FindInterface
 .text.USBH_Start
                0x0000000008006590       0x20 ./Middlewares/ST/STM32_USB_Host_Library/Core/Src/usbh_core.o
                0x0000000008006590                USBH_Start
 .text.USBH_Process
                0x00000000080065b0      0x3d8 ./Middlewares/ST/STM32_USB_Host_Library/Core/Src/usbh_core.o
                0x00000000080065b0                USBH_Process
 .text.USBH_HandleEnum
                0x0000000008006988      0x3c8 ./Middlewares/ST/STM32_USB_Host_Library/Core/Src/usbh_core.o
 .text.USBH_LL_SetTimer
                0x0000000008006d50       0x1e ./Middlewares/ST/STM32_USB_Host_Library/Core/Src/usbh_core.o
                0x0000000008006d50                USBH_LL_SetTimer
 .text.USBH_LL_IncTimer
                0x0000000008006d6e       0x24 ./Middlewares/ST/STM32_USB_Host_Library/Core/Src/usbh_core.o
                0x0000000008006d6e                USBH_LL_IncTimer
 .text.USBH_HandleSof
                0x0000000008006d92       0x30 ./Middlewares/ST/STM32_USB_Host_Library/Core/Src/usbh_core.o
 .text.USBH_LL_PortEnabled
                0x0000000008006dc2       0x1c ./Middlewares/ST/STM32_USB_Host_Library/Core/Src/usbh_core.o
                0x0000000008006dc2                USBH_LL_PortEnabled
 .text.USBH_LL_PortDisabled
                0x0000000008006dde       0x1c ./Middlewares/ST/STM32_USB_Host_Library/Core/Src/usbh_core.o
                0x0000000008006dde                USBH_LL_PortDisabled
 .text.USBH_LL_Connect
                0x0000000008006dfa       0x2e ./Middlewares/ST/STM32_USB_Host_Library/Core/Src/usbh_core.o
                0x0000000008006dfa                USBH_LL_Connect
 .text.USBH_LL_Disconnect
                0x0000000008006e28       0x48 ./Middlewares/ST/STM32_USB_Host_Library/Core/Src/usbh_core.o
                0x0000000008006e28                USBH_LL_Disconnect
 .text.USBH_Get_DevDesc
                0x0000000008006e70       0x50 ./Middlewares/ST/STM32_USB_Host_Library/Core/Src/usbh_ctlreq.o
                0x0000000008006e70                USBH_Get_DevDesc
 .text.USBH_Get_CfgDesc
                0x0000000008006ec0       0x48 ./Middlewares/ST/STM32_USB_Host_Library/Core/Src/usbh_ctlreq.o
                0x0000000008006ec0                USBH_Get_CfgDesc
 .text.USBH_Get_StringDesc
                0x0000000008006f08       0x56 ./Middlewares/ST/STM32_USB_Host_Library/Core/Src/usbh_ctlreq.o
                0x0000000008006f08                USBH_Get_StringDesc
 .text.USBH_GetDescriptor
                0x0000000008006f5e       0x6a ./Middlewares/ST/STM32_USB_Host_Library/Core/Src/usbh_ctlreq.o
                0x0000000008006f5e                USBH_GetDescriptor
 .text.USBH_SetAddress
                0x0000000008006fc8       0x48 ./Middlewares/ST/STM32_USB_Host_Library/Core/Src/usbh_ctlreq.o
                0x0000000008006fc8                USBH_SetAddress
 .text.USBH_SetCfg
                0x0000000008007010       0x46 ./Middlewares/ST/STM32_USB_Host_Library/Core/Src/usbh_ctlreq.o
                0x0000000008007010                USBH_SetCfg
 .text.USBH_SetFeature
                0x0000000008007056       0x48 ./Middlewares/ST/STM32_USB_Host_Library/Core/Src/usbh_ctlreq.o
                0x0000000008007056                USBH_SetFeature
 .text.USBH_ClrFeature
                0x000000000800709e       0x48 ./Middlewares/ST/STM32_USB_Host_Library/Core/Src/usbh_ctlreq.o
                0x000000000800709e                USBH_ClrFeature
 .text.USBH_ParseDevDesc
                0x00000000080070e6      0x122 ./Middlewares/ST/STM32_USB_Host_Library/Core/Src/usbh_ctlreq.o
 .text.USBH_ParseCfgDesc
                0x0000000008007208      0x1ec ./Middlewares/ST/STM32_USB_Host_Library/Core/Src/usbh_ctlreq.o
 .text.USBH_ParseInterfaceDesc
                0x00000000080073f4       0x5e ./Middlewares/ST/STM32_USB_Host_Library/Core/Src/usbh_ctlreq.o
 .text.USBH_ParseEPDesc
                0x0000000008007452      0x14a ./Middlewares/ST/STM32_USB_Host_Library/Core/Src/usbh_ctlreq.o
 .text.USBH_ParseStringDesc
                0x000000000800759c       0x66 ./Middlewares/ST/STM32_USB_Host_Library/Core/Src/usbh_ctlreq.o
 .text.USBH_GetNextDesc
                0x0000000008007602       0x36 ./Middlewares/ST/STM32_USB_Host_Library/Core/Src/usbh_ctlreq.o
                0x0000000008007602                USBH_GetNextDesc
 .text.USBH_CtlReq
                0x0000000008007638       0x7a ./Middlewares/ST/STM32_USB_Host_Library/Core/Src/usbh_ctlreq.o
                0x0000000008007638                USBH_CtlReq
 *fill*         0x00000000080076b2        0x2 
 .text.USBH_HandleControl
                0x00000000080076b4      0x2e8 ./Middlewares/ST/STM32_USB_Host_Library/Core/Src/usbh_ctlreq.o
 .text.USBH_CtlSendSetup
                0x000000000800799c       0x34 ./Middlewares/ST/STM32_USB_Host_Library/Core/Src/usbh_ioreq.o
                0x000000000800799c                USBH_CtlSendSetup
 .text.USBH_CtlSendData
                0x00000000080079d0       0x4a ./Middlewares/ST/STM32_USB_Host_Library/Core/Src/usbh_ioreq.o
                0x00000000080079d0                USBH_CtlSendData
 .text.USBH_CtlReceiveData
                0x0000000008007a1a       0x3c ./Middlewares/ST/STM32_USB_Host_Library/Core/Src/usbh_ioreq.o
                0x0000000008007a1a                USBH_CtlReceiveData
 .text.USBH_BulkSendData
                0x0000000008007a56       0x4a ./Middlewares/ST/STM32_USB_Host_Library/Core/Src/usbh_ioreq.o
                0x0000000008007a56                USBH_BulkSendData
 .text.USBH_BulkReceiveData
                0x0000000008007aa0       0x3c ./Middlewares/ST/STM32_USB_Host_Library/Core/Src/usbh_ioreq.o
                0x0000000008007aa0                USBH_BulkReceiveData
 .text.USBH_OpenPipe
                0x0000000008007adc       0x3e ./Middlewares/ST/STM32_USB_Host_Library/Core/Src/usbh_pipes.o
                0x0000000008007adc                USBH_OpenPipe
 .text.USBH_ClosePipe
                0x0000000008007b1a       0x20 ./Middlewares/ST/STM32_USB_Host_Library/Core/Src/usbh_pipes.o
                0x0000000008007b1a                USBH_ClosePipe
 .text.USBH_AllocPipe
                0x0000000008007b3a       0x42 ./Middlewares/ST/STM32_USB_Host_Library/Core/Src/usbh_pipes.o
                0x0000000008007b3a                USBH_AllocPipe
 .text.USBH_FreePipe
                0x0000000008007b7c       0x3c ./Middlewares/ST/STM32_USB_Host_Library/Core/Src/usbh_pipes.o
                0x0000000008007b7c                USBH_FreePipe
 .text.USBH_GetFreePipe
                0x0000000008007bb8       0x48 ./Middlewares/ST/STM32_USB_Host_Library/Core/Src/usbh_pipes.o
 .text.MX_USB_HOST_Init
                0x0000000008007c00       0x4c ./USB_HOST/App/usb_host.o
                0x0000000008007c00                MX_USB_HOST_Init
 .text.MX_USB_HOST_Process
                0x0000000008007c4c       0x14 ./USB_HOST/App/usb_host.o
                0x0000000008007c4c                MX_USB_HOST_Process
 .text.USBH_UserProcess
                0x0000000008007c60       0x5c ./USB_HOST/App/usb_host.o
 .text.HAL_HCD_MspInit
                0x0000000008007cbc       0xc4 ./USB_HOST/Target/usbh_conf.o
                0x0000000008007cbc                HAL_HCD_MspInit
 .text.HAL_HCD_SOF_Callback
                0x0000000008007d80       0x1c ./USB_HOST/Target/usbh_conf.o
                0x0000000008007d80                HAL_HCD_SOF_Callback
 .text.HAL_HCD_Connect_Callback
                0x0000000008007d9c       0x1c ./USB_HOST/Target/usbh_conf.o
                0x0000000008007d9c                HAL_HCD_Connect_Callback
 .text.HAL_HCD_Disconnect_Callback
                0x0000000008007db8       0x1c ./USB_HOST/Target/usbh_conf.o
                0x0000000008007db8                HAL_HCD_Disconnect_Callback
 .text.HAL_HCD_HC_NotifyURBChange_Callback
                0x0000000008007dd4       0x1c ./USB_HOST/Target/usbh_conf.o
                0x0000000008007dd4                HAL_HCD_HC_NotifyURBChange_Callback
 .text.HAL_HCD_PortEnabled_Callback
                0x0000000008007df0       0x1c ./USB_HOST/Target/usbh_conf.o
                0x0000000008007df0                HAL_HCD_PortEnabled_Callback
 .text.HAL_HCD_PortDisabled_Callback
                0x0000000008007e0c       0x1c ./USB_HOST/Target/usbh_conf.o
                0x0000000008007e0c                HAL_HCD_PortDisabled_Callback
 .text.USBH_LL_Init
                0x0000000008007e28       0x78 ./USB_HOST/Target/usbh_conf.o
                0x0000000008007e28                USBH_LL_Init
 .text.USBH_LL_Start
                0x0000000008007ea0       0x36 ./USB_HOST/Target/usbh_conf.o
                0x0000000008007ea0                USBH_LL_Start
 .text.USBH_LL_Stop
                0x0000000008007ed6       0x36 ./USB_HOST/Target/usbh_conf.o
                0x0000000008007ed6                USBH_LL_Stop
 .text.USBH_LL_GetSpeed
                0x0000000008007f0c       0x4e ./USB_HOST/Target/usbh_conf.o
                0x0000000008007f0c                USBH_LL_GetSpeed
 .text.USBH_LL_ResetPort
                0x0000000008007f5a       0x36 ./USB_HOST/Target/usbh_conf.o
                0x0000000008007f5a                USBH_LL_ResetPort
 .text.USBH_LL_GetLastXferSize
                0x0000000008007f90       0x26 ./USB_HOST/Target/usbh_conf.o
                0x0000000008007f90                USBH_LL_GetLastXferSize
 .text.USBH_LL_OpenPipe
                0x0000000008007fb6       0x5e ./USB_HOST/Target/usbh_conf.o
                0x0000000008007fb6                USBH_LL_OpenPipe
 .text.USBH_LL_ClosePipe
                0x0000000008008014       0x3e ./USB_HOST/Target/usbh_conf.o
                0x0000000008008014                USBH_LL_ClosePipe
 .text.USBH_LL_SubmitURB
                0x0000000008008052       0x62 ./USB_HOST/Target/usbh_conf.o
                0x0000000008008052                USBH_LL_SubmitURB
 .text.USBH_LL_GetURBState
                0x00000000080080b4       0x26 ./USB_HOST/Target/usbh_conf.o
                0x00000000080080b4                USBH_LL_GetURBState
 .text.USBH_LL_DriverVBUS
                0x00000000080080da       0x2e ./USB_HOST/Target/usbh_conf.o
                0x00000000080080da                USBH_LL_DriverVBUS
 .text.USBH_LL_SetToggle
                0x0000000008008108       0x60 ./USB_HOST/Target/usbh_conf.o
                0x0000000008008108                USBH_LL_SetToggle
 .text.USBH_Delay
                0x0000000008008168       0x16 ./USB_HOST/Target/usbh_conf.o
                0x0000000008008168                USBH_Delay
 *fill*         0x000000000800817e        0x2 
 .text.USBH_Get_USB_Status
                0x0000000008008180       0x58 ./USB_HOST/Target/usbh_conf.o
                0x0000000008008180                USBH_Get_USB_Status
 .text.MX_DriverVbusFS
                0x00000000080081d8       0x38 ./USB_HOST/Target/usbh_platform.o
                0x00000000080081d8                MX_DriverVbusFS
 .text.__errno  0x0000000008008210        0xc d:/st/stm32cubeide_1.9.0/stm32cubeide/plugins/com.st.stm32cube.ide.mcu.externaltools.gnu-tools-for-stm32.10.3-2021.10.win32_1.0.0.202111181127/tools/bin/../lib/gcc/arm-none-eabi/10.3.1/../../../../arm-none-eabi/lib/thumb/v7e-m+fp/hard\libc_nano.a(lib_a-errno.o)
                0x0000000008008210                __errno
 .text.__libc_init_array
                0x000000000800821c       0x48 d:/st/stm32cubeide_1.9.0/stm32cubeide/plugins/com.st.stm32cube.ide.mcu.externaltools.gnu-tools-for-stm32.10.3-2021.10.win32_1.0.0.202111181127/tools/bin/../lib/gcc/arm-none-eabi/10.3.1/../../../../arm-none-eabi/lib/thumb/v7e-m+fp/hard\libc_nano.a(lib_a-init.o)
                0x000000000800821c                __libc_init_array
 .text.malloc   0x0000000008008264       0x10 d:/st/stm32cubeide_1.9.0/stm32cubeide/plugins/com.st.stm32cube.ide.mcu.externaltools.gnu-tools-for-stm32.10.3-2021.10.win32_1.0.0.202111181127/tools/bin/../lib/gcc/arm-none-eabi/10.3.1/../../../../arm-none-eabi/lib/thumb/v7e-m+fp/hard\libc_nano.a(lib_a-malloc.o)
                0x0000000008008264                malloc
 .text.free     0x0000000008008274       0x10 d:/st/stm32cubeide_1.9.0/stm32cubeide/plugins/com.st.stm32cube.ide.mcu.externaltools.gnu-tools-for-stm32.10.3-2021.10.win32_1.0.0.202111181127/tools/bin/../lib/gcc/arm-none-eabi/10.3.1/../../../../arm-none-eabi/lib/thumb/v7e-m+fp/hard\libc_nano.a(lib_a-malloc.o)
                0x0000000008008274                free
 .text.memset   0x0000000008008284       0x10 d:/st/stm32cubeide_1.9.0/stm32cubeide/plugins/com.st.stm32cube.ide.mcu.externaltools.gnu-tools-for-stm32.10.3-2021.10.win32_1.0.0.202111181127/tools/bin/../lib/gcc/arm-none-eabi/10.3.1/../../../../arm-none-eabi/lib/thumb/v7e-m+fp/hard\libc_nano.a(lib_a-memset.o)
                0x0000000008008284                memset
 .text._free_r  0x0000000008008294       0x98 d:/st/stm32cubeide_1.9.0/stm32cubeide/plugins/com.st.stm32cube.ide.mcu.externaltools.gnu-tools-for-stm32.10.3-2021.10.win32_1.0.0.202111181127/tools/bin/../lib/gcc/arm-none-eabi/10.3.1/../../../../arm-none-eabi/lib/thumb/v7e-m+fp/hard\libc_nano.a(lib_a-nano-freer.o)
                0x0000000008008294                _free_r
 .text.sbrk_aligned
                0x000000000800832c       0x40 d:/st/stm32cubeide_1.9.0/stm32cubeide/plugins/com.st.stm32cube.ide.mcu.externaltools.gnu-tools-for-stm32.10.3-2021.10.win32_1.0.0.202111181127/tools/bin/../lib/gcc/arm-none-eabi/10.3.1/../../../../arm-none-eabi/lib/thumb/v7e-m+fp/hard\libc_nano.a(lib_a-nano-mallocr.o)
 .text._malloc_r
                0x000000000800836c       0xe8 d:/st/stm32cubeide_1.9.0/stm32cubeide/plugins/com.st.stm32cube.ide.mcu.externaltools.gnu-tools-for-stm32.10.3-2021.10.win32_1.0.0.202111181127/tools/bin/../lib/gcc/arm-none-eabi/10.3.1/../../../../arm-none-eabi/lib/thumb/v7e-m+fp/hard\libc_nano.a(lib_a-nano-mallocr.o)
                0x000000000800836c                _malloc_r
 .text._sbrk_r  0x0000000008008454       0x20 d:/st/stm32cubeide_1.9.0/stm32cubeide/plugins/com.st.stm32cube.ide.mcu.externaltools.gnu-tools-for-stm32.10.3-2021.10.win32_1.0.0.202111181127/tools/bin/../lib/gcc/arm-none-eabi/10.3.1/../../../../arm-none-eabi/lib/thumb/v7e-m+fp/hard\libc_nano.a(lib_a-sbrkr.o)
                0x0000000008008454                _sbrk_r
 .text.__malloc_lock
                0x0000000008008474        0xc d:/st/stm32cubeide_1.9.0/stm32cubeide/plugins/com.st.stm32cube.ide.mcu.externaltools.gnu-tools-for-stm32.10.3-2021.10.win32_1.0.0.202111181127/tools/bin/../lib/gcc/arm-none-eabi/10.3.1/../../../../arm-none-eabi/lib/thumb/v7e-m+fp/hard\libc_nano.a(lib_a-mlock.o)
                0x0000000008008474                __malloc_lock
 .text.__malloc_unlock
                0x0000000008008480        0xc d:/st/stm32cubeide_1.9.0/stm32cubeide/plugins/com.st.stm32cube.ide.mcu.externaltools.gnu-tools-for-stm32.10.3-2021.10.win32_1.0.0.202111181127/tools/bin/../lib/gcc/arm-none-eabi/10.3.1/../../../../arm-none-eabi/lib/thumb/v7e-m+fp/hard\libc_nano.a(lib_a-mlock.o)
                0x0000000008008480                __malloc_unlock
 .text.__retarget_lock_acquire_recursive
                0x000000000800848c        0x2 d:/st/stm32cubeide_1.9.0/stm32cubeide/plugins/com.st.stm32cube.ide.mcu.externaltools.gnu-tools-for-stm32.10.3-2021.10.win32_1.0.0.202111181127/tools/bin/../lib/gcc/arm-none-eabi/10.3.1/../../../../arm-none-eabi/lib/thumb/v7e-m+fp/hard\libc_nano.a(lib_a-lock.o)
                0x000000000800848c                __retarget_lock_acquire_recursive
 .text.__retarget_lock_release_recursive
                0x000000000800848e        0x2 d:/st/stm32cubeide_1.9.0/stm32cubeide/plugins/com.st.stm32cube.ide.mcu.externaltools.gnu-tools-for-stm32.10.3-2021.10.win32_1.0.0.202111181127/tools/bin/../lib/gcc/arm-none-eabi/10.3.1/../../../../arm-none-eabi/lib/thumb/v7e-m+fp/hard\libc_nano.a(lib_a-lock.o)
                0x000000000800848e                __retarget_lock_release_recursive
 *(.glue_7)
 .glue_7        0x0000000008008490        0x0 linker stubs
 *(.glue_7t)
 .glue_7t       0x0000000008008490        0x0 linker stubs
 *(.eh_frame)
 .eh_frame      0x0000000008008490        0x0 d:/st/stm32cubeide_1.9.0/stm32cubeide/plugins/com.st.stm32cube.ide.mcu.externaltools.gnu-tools-for-stm32.10.3-2021.10.win32_1.0.0.202111181127/tools/bin/../lib/gcc/arm-none-eabi/10.3.1/thumb/v7e-m+fp/hard/crtbegin.o
 *(.init)
 .init          0x0000000008008490        0x4 d:/st/stm32cubeide_1.9.0/stm32cubeide/plugins/com.st.stm32cube.ide.mcu.externaltools.gnu-tools-for-stm32.10.3-2021.10.win32_1.0.0.202111181127/tools/bin/../lib/gcc/arm-none-eabi/10.3.1/thumb/v7e-m+fp/hard/crti.o
                0x0000000008008490                _init
 .init          0x0000000008008494        0x8 d:/st/stm32cubeide_1.9.0/stm32cubeide/plugins/com.st.stm32cube.ide.mcu.externaltools.gnu-tools-for-stm32.10.3-2021.10.win32_1.0.0.202111181127/tools/bin/../lib/gcc/arm-none-eabi/10.3.1/thumb/v7e-m+fp/hard/crtn.o
 *(.fini)
 .fini          0x000000000800849c        0x4 d:/st/stm32cubeide_1.9.0/stm32cubeide/plugins/com.st.stm32cube.ide.mcu.externaltools.gnu-tools-for-stm32.10.3-2021.10.win32_1.0.0.202111181127/tools/bin/../lib/gcc/arm-none-eabi/10.3.1/thumb/v7e-m+fp/hard/crti.o
                0x000000000800849c                _fini
 .fini          0x00000000080084a0        0x8 d:/st/stm32cubeide_1.9.0/stm32cubeide/plugins/com.st.stm32cube.ide.mcu.externaltools.gnu-tools-for-stm32.10.3-2021.10.win32_1.0.0.202111181127/tools/bin/../lib/gcc/arm-none-eabi/10.3.1/thumb/v7e-m+fp/hard/crtn.o
                0x00000000080084a8                . = ALIGN (0x4)
                0x00000000080084a8                _etext = .

.vfp11_veneer   0x00000000080084a8        0x0
 .vfp11_veneer  0x00000000080084a8        0x0 linker stubs

.v4_bx          0x00000000080084a8        0x0
 .v4_bx         0x00000000080084a8        0x0 linker stubs

.iplt           0x00000000080084a8        0x0
 .iplt          0x00000000080084a8        0x0 d:/st/stm32cubeide_1.9.0/stm32cubeide/plugins/com.st.stm32cube.ide.mcu.externaltools.gnu-tools-for-stm32.10.3-2021.10.win32_1.0.0.202111181127/tools/bin/../lib/gcc/arm-none-eabi/10.3.1/thumb/v7e-m+fp/hard/crtbegin.o

.rodata         0x00000000080084a8       0x20
                0x00000000080084a8                . = ALIGN (0x4)
 *(.rodata)
 .rodata        0x00000000080084a8        0x4 ./Core/Src/main.o
 .rodata        0x00000000080084ac        0x4 ./Middlewares/ST/STM32_USB_Host_Library/Class/CDC/Src/usbh_cdc.o
 *(.rodata*)
 .rodata.AHBPrescTable
                0x00000000080084b0       0x10 ./Core/Src/system_stm32f4xx.o
                0x00000000080084b0                AHBPrescTable
 .rodata.APBPrescTable
                0x00000000080084c0        0x8 ./Core/Src/system_stm32f4xx.o
                0x00000000080084c0                APBPrescTable
                0x00000000080084c8                . = ALIGN (0x4)

.ARM.extab      0x00000000080084c8        0x0
                0x00000000080084c8                . = ALIGN (0x4)
 *(.ARM.extab* .gnu.linkonce.armextab.*)
                0x00000000080084c8                . = ALIGN (0x4)

.ARM            0x00000000080084c8        0x8
                0x00000000080084c8                . = ALIGN (0x4)
                0x00000000080084c8                __exidx_start = .
 *(.ARM.exidx*)
 .ARM.exidx     0x00000000080084c8        0x8 d:/st/stm32cubeide_1.9.0/stm32cubeide/plugins/com.st.stm32cube.ide.mcu.externaltools.gnu-tools-for-stm32.10.3-2021.10.win32_1.0.0.202111181127/tools/bin/../lib/gcc/arm-none-eabi/10.3.1/thumb/v7e-m+fp/hard\libgcc.a(_udivmoddi4.o)
                0x00000000080084d0                __exidx_end = .
                0x00000000080084d0                . = ALIGN (0x4)

.rel.dyn        0x00000000080084d0        0x0
 .rel.iplt      0x00000000080084d0        0x0 d:/st/stm32cubeide_1.9.0/stm32cubeide/plugins/com.st.stm32cube.ide.mcu.externaltools.gnu-tools-for-stm32.10.3-2021.10.win32_1.0.0.202111181127/tools/bin/../lib/gcc/arm-none-eabi/10.3.1/thumb/v7e-m+fp/hard/crtbegin.o

.preinit_array  0x00000000080084d0        0x0
                0x00000000080084d0                . = ALIGN (0x4)
                0x00000000080084d0                PROVIDE (__preinit_array_start = .)
 *(.preinit_array*)
                0x00000000080084d0                PROVIDE (__preinit_array_end = .)
                0x00000000080084d0                . = ALIGN (0x4)

.init_array     0x00000000080084d0        0x4
                0x00000000080084d0                . = ALIGN (0x4)
                0x00000000080084d0                PROVIDE (__init_array_start = .)
 *(SORT_BY_NAME(.init_array.*))
 *(.init_array*)
 .init_array    0x00000000080084d0        0x4 d:/st/stm32cubeide_1.9.0/stm32cubeide/plugins/com.st.stm32cube.ide.mcu.externaltools.gnu-tools-for-stm32.10.3-2021.10.win32_1.0.0.202111181127/tools/bin/../lib/gcc/arm-none-eabi/10.3.1/thumb/v7e-m+fp/hard/crtbegin.o
                0x00000000080084d4                PROVIDE (__init_array_end = .)
                0x00000000080084d4                . = ALIGN (0x4)

.fini_array     0x00000000080084d4        0x4
                0x00000000080084d4                . = ALIGN (0x4)
                [!provide]                        PROVIDE (__fini_array_start = .)
 *(SORT_BY_NAME(.fini_array.*))
 *(.fini_array*)
 .fini_array    0x00000000080084d4        0x4 d:/st/stm32cubeide_1.9.0/stm32cubeide/plugins/com.st.stm32cube.ide.mcu.externaltools.gnu-tools-for-stm32.10.3-2021.10.win32_1.0.0.202111181127/tools/bin/../lib/gcc/arm-none-eabi/10.3.1/thumb/v7e-m+fp/hard/crtbegin.o
                [!provide]                        PROVIDE (__fini_array_end = .)
                0x00000000080084d8                . = ALIGN (0x4)
                0x00000000080084d8                _sidata = LOADADDR (.data)

.data           0x0000000020000000       0x90 load address 0x00000000080084d8
                0x0000000020000000                . = ALIGN (0x4)
                0x0000000020000000                _sdata = .
 *(.data)
 *(.data*)
 .data.SystemCoreClock
                0x0000000020000000        0x4 ./Core/Src/system_stm32f4xx.o
                0x0000000020000000                SystemCoreClock
 .data.uwTickPrio
                0x0000000020000004        0x4 ./Drivers/STM32F4xx_HAL_Driver/Src/stm32f4xx_hal.o
                0x0000000020000004                uwTickPrio
 .data.uwTickFreq
                0x0000000020000008        0x1 ./Drivers/STM32F4xx_HAL_Driver/Src/stm32f4xx_hal.o
                0x0000000020000008                uwTickFreq
 *fill*         0x0000000020000009        0x3 
 .data.CDC_Class
                0x000000002000000c       0x20 ./Middlewares/ST/STM32_USB_Host_Library/Class/CDC/Src/usbh_cdc.o
                0x000000002000000c                CDC_Class
 .data._impure_ptr
                0x000000002000002c        0x4 d:/st/stm32cubeide_1.9.0/stm32cubeide/plugins/com.st.stm32cube.ide.mcu.externaltools.gnu-tools-for-stm32.10.3-2021.10.win32_1.0.0.202111181127/tools/bin/../lib/gcc/arm-none-eabi/10.3.1/../../../../arm-none-eabi/lib/thumb/v7e-m+fp/hard\libc_nano.a(lib_a-impure.o)
                0x000000002000002c                _impure_ptr
 .data.impure_data
                0x0000000020000030       0x60 d:/st/stm32cubeide_1.9.0/stm32cubeide/plugins/com.st.stm32cube.ide.mcu.externaltools.gnu-tools-for-stm32.10.3-2021.10.win32_1.0.0.202111181127/tools/bin/../lib/gcc/arm-none-eabi/10.3.1/../../../../arm-none-eabi/lib/thumb/v7e-m+fp/hard\libc_nano.a(lib_a-impure.o)
 *(.RamFunc)
 *(.RamFunc*)
                0x0000000020000090                . = ALIGN (0x4)
                0x0000000020000090                _edata = .
                0x0000000008008568                _siccmram = LOADADDR (.ccmram)

.igot.plt       0x0000000020000090        0x0 load address 0x0000000008008568
 .igot.plt      0x0000000020000090        0x0 d:/st/stm32cubeide_1.9.0/stm32cubeide/plugins/com.st.stm32cube.ide.mcu.externaltools.gnu-tools-for-stm32.10.3-2021.10.win32_1.0.0.202111181127/tools/bin/../lib/gcc/arm-none-eabi/10.3.1/thumb/v7e-m+fp/hard/crtbegin.o

.ccmram         0x0000000010000000        0x0 load address 0x0000000008008568
                0x0000000010000000                . = ALIGN (0x4)
                0x0000000010000000                _sccmram = .
 *(.ccmram)
 *(.ccmram*)
                0x0000000010000000                . = ALIGN (0x4)
                0x0000000010000000                _eccmram = .
                0x0000000010000000                . = ALIGN (0x4)

.bss            0x0000000020000090      0x850
                0x0000000020000090                _sbss = .
                0x0000000020000090                __bss_start__ = _sbss
 *(.bss)
 .bss           0x0000000020000090       0x1c d:/st/stm32cubeide_1.9.0/stm32cubeide/plugins/com.st.stm32cube.ide.mcu.externaltools.gnu-tools-for-stm32.10.3-2021.10.win32_1.0.0.202111181127/tools/bin/../lib/gcc/arm-none-eabi/10.3.1/thumb/v7e-m+fp/hard/crtbegin.o
 *(.bss*)
 .bss.hi2c1     0x00000000200000ac       0x54 ./Core/Src/i2c.o
                0x00000000200000ac                hi2c1
 .bss.hi2s3     0x0000000020000100       0x48 ./Core/Src/i2s.o
                0x0000000020000100                hi2s3
 .bss.hspi1     0x0000000020000148       0x58 ./Core/Src/spi.o
                0x0000000020000148                hspi1
 .bss.__sbrk_heap_end
                0x00000000200001a0        0x4 ./Core/Src/sysmem.o
 .bss.htim1     0x00000000200001a4       0x48 ./Core/Src/tim.o
                0x00000000200001a4                htim1
 .bss.uwTick    0x00000000200001ec        0x4 ./Drivers/STM32F4xx_HAL_Driver/Src/stm32f4xx_hal.o
                0x00000000200001ec                uwTick
 .bss.hUsbHostFS
                0x00000000200001f0      0x3d8 ./USB_HOST/App/usb_host.o
                0x00000000200001f0                hUsbHostFS
 .bss.Appli_state
                0x00000000200005c8        0x1 ./USB_HOST/App/usb_host.o
                0x00000000200005c8                Appli_state
 *fill*         0x00000000200005c9        0x3 
 .bss.hhcd_USB_OTG_FS
                0x00000000200005cc      0x304 ./USB_HOST/Target/usbh_conf.o
                0x00000000200005cc                hhcd_USB_OTG_FS
 .bss.__malloc_free_list
                0x00000000200008d0        0x4 d:/st/stm32cubeide_1.9.0/stm32cubeide/plugins/com.st.stm32cube.ide.mcu.externaltools.gnu-tools-for-stm32.10.3-2021.10.win32_1.0.0.202111181127/tools/bin/../lib/gcc/arm-none-eabi/10.3.1/../../../../arm-none-eabi/lib/thumb/v7e-m+fp/hard\libc_nano.a(lib_a-nano-mallocr.o)
                0x00000000200008d0                __malloc_free_list
 .bss.__malloc_sbrk_start
                0x00000000200008d4        0x4 d:/st/stm32cubeide_1.9.0/stm32cubeide/plugins/com.st.stm32cube.ide.mcu.externaltools.gnu-tools-for-stm32.10.3-2021.10.win32_1.0.0.202111181127/tools/bin/../lib/gcc/arm-none-eabi/10.3.1/../../../../arm-none-eabi/lib/thumb/v7e-m+fp/hard\libc_nano.a(lib_a-nano-mallocr.o)
                0x00000000200008d4                __malloc_sbrk_start
 .bss.errno     0x00000000200008d8        0x4 d:/st/stm32cubeide_1.9.0/stm32cubeide/plugins/com.st.stm32cube.ide.mcu.externaltools.gnu-tools-for-stm32.10.3-2021.10.win32_1.0.0.202111181127/tools/bin/../lib/gcc/arm-none-eabi/10.3.1/../../../../arm-none-eabi/lib/thumb/v7e-m+fp/hard\libc_nano.a(lib_a-reent.o)
                0x00000000200008d8                errno
 .bss.__lock___malloc_recursive_mutex
                0x00000000200008dc        0x1 d:/st/stm32cubeide_1.9.0/stm32cubeide/plugins/com.st.stm32cube.ide.mcu.externaltools.gnu-tools-for-stm32.10.3-2021.10.win32_1.0.0.202111181127/tools/bin/../lib/gcc/arm-none-eabi/10.3.1/../../../../arm-none-eabi/lib/thumb/v7e-m+fp/hard\libc_nano.a(lib_a-lock.o)
                0x00000000200008dc                __lock___malloc_recursive_mutex
 *(COMMON)
                0x00000000200008e0                . = ALIGN (0x4)
 *fill*         0x00000000200008dd        0x3 
                0x00000000200008e0                _ebss = .
                0x00000000200008e0                __bss_end__ = _ebss

._user_heap_stack
                0x00000000200008e0      0x600
                0x00000000200008e0                . = ALIGN (0x8)
                [!provide]                        PROVIDE (end = .)
                0x00000000200008e0                PROVIDE (_end = .)
                0x0000000020000ae0                . = (. + _Min_Heap_Size)
 *fill*         0x00000000200008e0      0x200 
                0x0000000020000ee0                . = (. + _Min_Stack_Size)
 *fill*         0x0000000020000ae0      0x400 
                0x0000000020000ee0                . = ALIGN (0x8)

/DISCARD/
 libc.a(*)
 libm.a(*)
 libgcc.a(*)

.ARM.attributes
                0x0000000000000000       0x30
 *(.ARM.attributes)
 .ARM.attributes
                0x0000000000000000       0x1e d:/st/stm32cubeide_1.9.0/stm32cubeide/plugins/com.st.stm32cube.ide.mcu.externaltools.gnu-tools-for-stm32.10.3-2021.10.win32_1.0.0.202111181127/tools/bin/../lib/gcc/arm-none-eabi/10.3.1/thumb/v7e-m+fp/hard/crti.o
 .ARM.attributes
                0x000000000000001e       0x34 d:/st/stm32cubeide_1.9.0/stm32cubeide/plugins/com.st.stm32cube.ide.mcu.externaltools.gnu-tools-for-stm32.10.3-2021.10.win32_1.0.0.202111181127/tools/bin/../lib/gcc/arm-none-eabi/10.3.1/thumb/v7e-m+fp/hard/crtbegin.o
 .ARM.attributes
                0x0000000000000052       0x34 ./Core/Src/LCD_LIB.o
 .ARM.attributes
                0x0000000000000086       0x34 ./Core/Src/gpio.o
 .ARM.attributes
                0x00000000000000ba       0x34 ./Core/Src/i2c.o
 .ARM.attributes
                0x00000000000000ee       0x34 ./Core/Src/i2s.o
 .ARM.attributes
                0x0000000000000122       0x34 ./Core/Src/main.o
 .ARM.attributes
                0x0000000000000156       0x34 ./Core/Src/spi.o
 .ARM.attributes
                0x000000000000018a       0x34 ./Core/Src/stm32f4xx_hal_msp.o
 .ARM.attributes
                0x00000000000001be       0x34 ./Core/Src/stm32f4xx_it.o
 .ARM.attributes
                0x00000000000001f2       0x34 ./Core/Src/sysmem.o
 .ARM.attributes
                0x0000000000000226       0x34 ./Core/Src/system_stm32f4xx.o
 .ARM.attributes
                0x000000000000025a       0x34 ./Core/Src/tim.o
 .ARM.attributes
                0x000000000000028e       0x21 ./Core/Startup/startup_stm32f407vgtx.o
 .ARM.attributes
                0x00000000000002af       0x34 ./Drivers/STM32F4xx_HAL_Driver/Src/stm32f4xx_hal.o
 .ARM.attributes
                0x00000000000002e3       0x34 ./Drivers/STM32F4xx_HAL_Driver/Src/stm32f4xx_hal_cortex.o
 .ARM.attributes
                0x0000000000000317       0x34 ./Drivers/STM32F4xx_HAL_Driver/Src/stm32f4xx_hal_gpio.o
 .ARM.attributes
                0x000000000000034b       0x34 ./Drivers/STM32F4xx_HAL_Driver/Src/stm32f4xx_hal_hcd.o
 .ARM.attributes
                0x000000000000037f       0x34 ./Drivers/STM32F4xx_HAL_Driver/Src/stm32f4xx_hal_i2c.o
 .ARM.attributes
                0x00000000000003b3       0x34 ./Drivers/STM32F4xx_HAL_Driver/Src/stm32f4xx_hal_i2s.o
 .ARM.attributes
                0x00000000000003e7       0x34 ./Drivers/STM32F4xx_HAL_Driver/Src/stm32f4xx_hal_i2s_ex.o
 .ARM.attributes
                0x000000000000041b       0x34 ./Drivers/STM32F4xx_HAL_Driver/Src/stm32f4xx_hal_rcc.o
 .ARM.attributes
                0x000000000000044f       0x34 ./Drivers/STM32F4xx_HAL_Driver/Src/stm32f4xx_hal_rcc_ex.o
 .ARM.attributes
                0x0000000000000483       0x34 ./Drivers/STM32F4xx_HAL_Driver/Src/stm32f4xx_hal_spi.o
 .ARM.attributes
                0x00000000000004b7       0x34 ./Drivers/STM32F4xx_HAL_Driver/Src/stm32f4xx_hal_tim.o
 .ARM.attributes
                0x00000000000004eb       0x34 ./Drivers/STM32F4xx_HAL_Driver/Src/stm32f4xx_hal_tim_ex.o
 .ARM.attributes
                0x000000000000051f       0x34 ./Drivers/STM32F4xx_HAL_Driver/Src/stm32f4xx_ll_usb.o
 .ARM.attributes
                0x0000000000000553       0x34 ./Middlewares/ST/STM32_USB_Host_Library/Class/CDC/Src/usbh_cdc.o
 .ARM.attributes
                0x0000000000000587       0x34 ./Middlewares/ST/STM32_USB_Host_Library/Core/Src/usbh_core.o
 .ARM.attributes
                0x00000000000005bb       0x34 ./Middlewares/ST/STM32_USB_Host_Library/Core/Src/usbh_ctlreq.o
 .ARM.attributes
                0x00000000000005ef       0x34 ./Middlewares/ST/STM32_USB_Host_Library/Core/Src/usbh_ioreq.o
 .ARM.attributes
                0x0000000000000623       0x34 ./Middlewares/ST/STM32_USB_Host_Library/Core/Src/usbh_pipes.o
 .ARM.attributes
                0x0000000000000657       0x34 ./USB_HOST/App/usb_host.o
 .ARM.attributes
                0x000000000000068b       0x34 ./USB_HOST/Target/usbh_conf.o
 .ARM.attributes
                0x00000000000006bf       0x34 ./USB_HOST/Target/usbh_platform.o
 .ARM.attributes
                0x00000000000006f3       0x34 d:/st/stm32cubeide_1.9.0/stm32cubeide/plugins/com.st.stm32cube.ide.mcu.externaltools.gnu-tools-for-stm32.10.3-2021.10.win32_1.0.0.202111181127/tools/bin/../lib/gcc/arm-none-eabi/10.3.1/../../../../arm-none-eabi/lib/thumb/v7e-m+fp/hard\libc_nano.a(lib_a-errno.o)
 .ARM.attributes
                0x0000000000000727       0x34 d:/st/stm32cubeide_1.9.0/stm32cubeide/plugins/com.st.stm32cube.ide.mcu.externaltools.gnu-tools-for-stm32.10.3-2021.10.win32_1.0.0.202111181127/tools/bin/../lib/gcc/arm-none-eabi/10.3.1/../../../../arm-none-eabi/lib/thumb/v7e-m+fp/hard\libc_nano.a(lib_a-impure.o)
 .ARM.attributes
                0x000000000000075b       0x34 d:/st/stm32cubeide_1.9.0/stm32cubeide/plugins/com.st.stm32cube.ide.mcu.externaltools.gnu-tools-for-stm32.10.3-2021.10.win32_1.0.0.202111181127/tools/bin/../lib/gcc/arm-none-eabi/10.3.1/../../../../arm-none-eabi/lib/thumb/v7e-m+fp/hard\libc_nano.a(lib_a-init.o)
 .ARM.attributes
                0x000000000000078f       0x34 d:/st/stm32cubeide_1.9.0/stm32cubeide/plugins/com.st.stm32cube.ide.mcu.externaltools.gnu-tools-for-stm32.10.3-2021.10.win32_1.0.0.202111181127/tools/bin/../lib/gcc/arm-none-eabi/10.3.1/../../../../arm-none-eabi/lib/thumb/v7e-m+fp/hard\libc_nano.a(lib_a-malloc.o)
 .ARM.attributes
                0x00000000000007c3       0x34 d:/st/stm32cubeide_1.9.0/stm32cubeide/plugins/com.st.stm32cube.ide.mcu.externaltools.gnu-tools-for-stm32.10.3-2021.10.win32_1.0.0.202111181127/tools/bin/../lib/gcc/arm-none-eabi/10.3.1/../../../../arm-none-eabi/lib/thumb/v7e-m+fp/hard\libc_nano.a(lib_a-memset.o)
 .ARM.attributes
                0x00000000000007f7       0x34 d:/st/stm32cubeide_1.9.0/stm32cubeide/plugins/com.st.stm32cube.ide.mcu.externaltools.gnu-tools-for-stm32.10.3-2021.10.win32_1.0.0.202111181127/tools/bin/../lib/gcc/arm-none-eabi/10.3.1/../../../../arm-none-eabi/lib/thumb/v7e-m+fp/hard\libc_nano.a(lib_a-nano-freer.o)
 .ARM.attributes
                0x000000000000082b       0x34 d:/st/stm32cubeide_1.9.0/stm32cubeide/plugins/com.st.stm32cube.ide.mcu.externaltools.gnu-tools-for-stm32.10.3-2021.10.win32_1.0.0.202111181127/tools/bin/../lib/gcc/arm-none-eabi/10.3.1/../../../../arm-none-eabi/lib/thumb/v7e-m+fp/hard\libc_nano.a(lib_a-nano-mallocr.o)
 .ARM.attributes
                0x000000000000085f       0x34 d:/st/stm32cubeide_1.9.0/stm32cubeide/plugins/com.st.stm32cube.ide.mcu.externaltools.gnu-tools-for-stm32.10.3-2021.10.win32_1.0.0.202111181127/tools/bin/../lib/gcc/arm-none-eabi/10.3.1/../../../../arm-none-eabi/lib/thumb/v7e-m+fp/hard\libc_nano.a(lib_a-sbrkr.o)
 .ARM.attributes
                0x0000000000000893       0x34 d:/st/stm32cubeide_1.9.0/stm32cubeide/plugins/com.st.stm32cube.ide.mcu.externaltools.gnu-tools-for-stm32.10.3-2021.10.win32_1.0.0.202111181127/tools/bin/../lib/gcc/arm-none-eabi/10.3.1/../../../../arm-none-eabi/lib/thumb/v7e-m+fp/hard\libc_nano.a(lib_a-mlock.o)
 .ARM.attributes
                0x00000000000008c7       0x34 d:/st/stm32cubeide_1.9.0/stm32cubeide/plugins/com.st.stm32cube.ide.mcu.externaltools.gnu-tools-for-stm32.10.3-2021.10.win32_1.0.0.202111181127/tools/bin/../lib/gcc/arm-none-eabi/10.3.1/../../../../arm-none-eabi/lib/thumb/v7e-m+fp/hard\libc_nano.a(lib_a-reent.o)
 .ARM.attributes
                0x00000000000008fb       0x34 d:/st/stm32cubeide_1.9.0/stm32cubeide/plugins/com.st.stm32cube.ide.mcu.externaltools.gnu-tools-for-stm32.10.3-2021.10.win32_1.0.0.202111181127/tools/bin/../lib/gcc/arm-none-eabi/10.3.1/../../../../arm-none-eabi/lib/thumb/v7e-m+fp/hard\libc_nano.a(lib_a-lock.o)
 .ARM.attributes
                0x000000000000092f       0x1e d:/st/stm32cubeide_1.9.0/stm32cubeide/plugins/com.st.stm32cube.ide.mcu.externaltools.gnu-tools-for-stm32.10.3-2021.10.win32_1.0.0.202111181127/tools/bin/../lib/gcc/arm-none-eabi/10.3.1/thumb/v7e-m+fp/hard\libgcc.a(_aeabi_uldivmod.o)
 .ARM.attributes
                0x000000000000094d       0x34 d:/st/stm32cubeide_1.9.0/stm32cubeide/plugins/com.st.stm32cube.ide.mcu.externaltools.gnu-tools-for-stm32.10.3-2021.10.win32_1.0.0.202111181127/tools/bin/../lib/gcc/arm-none-eabi/10.3.1/thumb/v7e-m+fp/hard\libgcc.a(_udivmoddi4.o)
 .ARM.attributes
                0x0000000000000981       0x1e d:/st/stm32cubeide_1.9.0/stm32cubeide/plugins/com.st.stm32cube.ide.mcu.externaltools.gnu-tools-for-stm32.10.3-2021.10.win32_1.0.0.202111181127/tools/bin/../lib/gcc/arm-none-eabi/10.3.1/thumb/v7e-m+fp/hard\libgcc.a(_dvmd_tls.o)
 .ARM.attributes
                0x000000000000099f       0x1e d:/st/stm32cubeide_1.9.0/stm32cubeide/plugins/com.st.stm32cube.ide.mcu.externaltools.gnu-tools-for-stm32.10.3-2021.10.win32_1.0.0.202111181127/tools/bin/../lib/gcc/arm-none-eabi/10.3.1/thumb/v7e-m+fp/hard/crtn.o
OUTPUT(LCD16x2_LIB.elf elf32-littlearm)
LOAD linker stubs
LOAD d:/st/stm32cubeide_1.9.0/stm32cubeide/plugins/com.st.stm32cube.ide.mcu.externaltools.gnu-tools-for-stm32.10.3-2021.10.win32_1.0.0.202111181127/tools/bin/../lib/gcc/arm-none-eabi/10.3.1/../../../../arm-none-eabi/lib/thumb/v7e-m+fp/hard\libc.a
LOAD d:/st/stm32cubeide_1.9.0/stm32cubeide/plugins/com.st.stm32cube.ide.mcu.externaltools.gnu-tools-for-stm32.10.3-2021.10.win32_1.0.0.202111181127/tools/bin/../lib/gcc/arm-none-eabi/10.3.1/../../../../arm-none-eabi/lib/thumb/v7e-m+fp/hard\libm.a
LOAD d:/st/stm32cubeide_1.9.0/stm32cubeide/plugins/com.st.stm32cube.ide.mcu.externaltools.gnu-tools-for-stm32.10.3-2021.10.win32_1.0.0.202111181127/tools/bin/../lib/gcc/arm-none-eabi/10.3.1/thumb/v7e-m+fp/hard\libgcc.a

.debug_info     0x0000000000000000    0x1b623
 .debug_info    0x0000000000000000      0x949 ./Core/Src/LCD_LIB.o
 .debug_info    0x0000000000000949      0x4c3 ./Core/Src/gpio.o
 .debug_info    0x0000000000000e0c      0xa0e ./Core/Src/i2c.o
 .debug_info    0x000000000000181a      0xa7b ./Core/Src/i2s.o
 .debug_info    0x0000000000002295      0x592 ./Core/Src/main.o
 .debug_info    0x0000000000002827      0x9eb ./Core/Src/spi.o
 .debug_info    0x0000000000003212      0x2bb ./Core/Src/stm32f4xx_hal_msp.o
 .debug_info    0x00000000000034cd      0x675 ./Core/Src/stm32f4xx_it.o
 .debug_info    0x0000000000003b42      0x171 ./Core/Src/sysmem.o
 .debug_info    0x0000000000003cb3      0x523 ./Core/Src/system_stm32f4xx.o
 .debug_info    0x00000000000041d6      0x9e6 ./Core/Src/tim.o
 .debug_info    0x0000000000004bbc       0x22 ./Core/Startup/startup_stm32f407vgtx.o
 .debug_info    0x0000000000004bde      0x97c ./Drivers/STM32F4xx_HAL_Driver/Src/stm32f4xx_hal.o
 .debug_info    0x000000000000555a      0xe1b ./Drivers/STM32F4xx_HAL_Driver/Src/stm32f4xx_hal_cortex.o
 .debug_info    0x0000000000006375      0x76a ./Drivers/STM32F4xx_HAL_Driver/Src/stm32f4xx_hal_gpio.o
 .debug_info    0x0000000000006adf     0x10c6 ./Drivers/STM32F4xx_HAL_Driver/Src/stm32f4xx_hal_hcd.o
 .debug_info    0x0000000000007ba5     0x2609 ./Drivers/STM32F4xx_HAL_Driver/Src/stm32f4xx_hal_i2c.o
 .debug_info    0x000000000000a1ae      0xeb6 ./Drivers/STM32F4xx_HAL_Driver/Src/stm32f4xx_hal_i2s.o
 .debug_info    0x000000000000b064      0xb7b ./Drivers/STM32F4xx_HAL_Driver/Src/stm32f4xx_hal_i2s_ex.o
 .debug_info    0x000000000000bbdf      0x966 ./Drivers/STM32F4xx_HAL_Driver/Src/stm32f4xx_hal_rcc.o
 .debug_info    0x000000000000c545      0x569 ./Drivers/STM32F4xx_HAL_Driver/Src/stm32f4xx_hal_rcc_ex.o
 .debug_info    0x000000000000caae     0x1758 ./Drivers/STM32F4xx_HAL_Driver/Src/stm32f4xx_hal_spi.o
 .debug_info    0x000000000000e206     0x2bbe ./Drivers/STM32F4xx_HAL_Driver/Src/stm32f4xx_hal_tim.o
 .debug_info    0x0000000000010dc4     0x15e0 ./Drivers/STM32F4xx_HAL_Driver/Src/stm32f4xx_hal_tim_ex.o
 .debug_info    0x00000000000123a4     0x1a97 ./Drivers/STM32F4xx_HAL_Driver/Src/stm32f4xx_ll_usb.o
 .debug_info    0x0000000000013e3b     0x150d ./Middlewares/ST/STM32_USB_Host_Library/Class/CDC/Src/usbh_cdc.o
 .debug_info    0x0000000000015348     0x1065 ./Middlewares/ST/STM32_USB_Host_Library/Core/Src/usbh_core.o
 .debug_info    0x00000000000163ad     0x1083 ./Middlewares/ST/STM32_USB_Host_Library/Core/Src/usbh_ctlreq.o
 .debug_info    0x0000000000017430      0xcf6 ./Middlewares/ST/STM32_USB_Host_Library/Core/Src/usbh_ioreq.o
 .debug_info    0x0000000000018126      0xb34 ./Middlewares/ST/STM32_USB_Host_Library/Core/Src/usbh_pipes.o
 .debug_info    0x0000000000018c5a      0xab3 ./USB_HOST/App/usb_host.o
 .debug_info    0x000000000001970d     0x1d2d ./USB_HOST/Target/usbh_conf.o
 .debug_info    0x000000000001b43a      0x1e9 ./USB_HOST/Target/usbh_platform.o

.debug_abbrev   0x0000000000000000     0x44c6
 .debug_abbrev  0x0000000000000000      0x207 ./Core/Src/LCD_LIB.o
 .debug_abbrev  0x0000000000000207      0x146 ./Core/Src/gpio.o
 .debug_abbrev  0x000000000000034d      0x1e0 ./Core/Src/i2c.o
 .debug_abbrev  0x000000000000052d      0x1e0 ./Core/Src/i2s.o
 .debug_abbrev  0x000000000000070d      0x1f9 ./Core/Src/main.o
 .debug_abbrev  0x0000000000000906      0x1e0 ./Core/Src/spi.o
 .debug_abbrev  0x0000000000000ae6       0xf0 ./Core/Src/stm32f4xx_hal_msp.o
 .debug_abbrev  0x0000000000000bd6      0x199 ./Core/Src/stm32f4xx_it.o
 .debug_abbrev  0x0000000000000d6f       0xbb ./Core/Src/sysmem.o
 .debug_abbrev  0x0000000000000e2a      0x116 ./Core/Src/system_stm32f4xx.o
 .debug_abbrev  0x0000000000000f40      0x1c2 ./Core/Src/tim.o
 .debug_abbrev  0x0000000000001102       0x12 ./Core/Startup/startup_stm32f407vgtx.o
 .debug_abbrev  0x0000000000001114      0x20d ./Drivers/STM32F4xx_HAL_Driver/Src/stm32f4xx_hal.o
 .debug_abbrev  0x0000000000001321      0x316 ./Drivers/STM32F4xx_HAL_Driver/Src/stm32f4xx_hal_cortex.o
 .debug_abbrev  0x0000000000001637      0x1c4 ./Drivers/STM32F4xx_HAL_Driver/Src/stm32f4xx_hal_gpio.o
 .debug_abbrev  0x00000000000017fb      0x27e ./Drivers/STM32F4xx_HAL_Driver/Src/stm32f4xx_hal_hcd.o
 .debug_abbrev  0x0000000000001a79      0x297 ./Drivers/STM32F4xx_HAL_Driver/Src/stm32f4xx_hal_i2c.o
 .debug_abbrev  0x0000000000001d10      0x247 ./Drivers/STM32F4xx_HAL_Driver/Src/stm32f4xx_hal_i2s.o
 .debug_abbrev  0x0000000000001f57      0x278 ./Drivers/STM32F4xx_HAL_Driver/Src/stm32f4xx_hal_i2s_ex.o
 .debug_abbrev  0x00000000000021cf      0x2aa ./Drivers/STM32F4xx_HAL_Driver/Src/stm32f4xx_hal_rcc.o
 .debug_abbrev  0x0000000000002479      0x1a8 ./Drivers/STM32F4xx_HAL_Driver/Src/stm32f4xx_hal_rcc_ex.o
 .debug_abbrev  0x0000000000002621      0x26e ./Drivers/STM32F4xx_HAL_Driver/Src/stm32f4xx_hal_spi.o
 .debug_abbrev  0x000000000000288f      0x25d ./Drivers/STM32F4xx_HAL_Driver/Src/stm32f4xx_hal_tim.o
 .debug_abbrev  0x0000000000002aec      0x265 ./Drivers/STM32F4xx_HAL_Driver/Src/stm32f4xx_hal_tim_ex.o
 .debug_abbrev  0x0000000000002d51      0x296 ./Drivers/STM32F4xx_HAL_Driver/Src/stm32f4xx_ll_usb.o
 .debug_abbrev  0x0000000000002fe7      0x328 ./Middlewares/ST/STM32_USB_Host_Library/Class/CDC/Src/usbh_cdc.o
 .debug_abbrev  0x000000000000330f      0x317 ./Middlewares/ST/STM32_USB_Host_Library/Core/Src/usbh_core.o
 .debug_abbrev  0x0000000000003626      0x2e6 ./Middlewares/ST/STM32_USB_Host_Library/Core/Src/usbh_ctlreq.o
 .debug_abbrev  0x000000000000390c      0x232 ./Middlewares/ST/STM32_USB_Host_Library/Core/Src/usbh_ioreq.o
 .debug_abbrev  0x0000000000003b3e      0x270 ./Middlewares/ST/STM32_USB_Host_Library/Core/Src/usbh_pipes.o
 .debug_abbrev  0x0000000000003dae      0x25a ./USB_HOST/App/usb_host.o
 .debug_abbrev  0x0000000000004008      0x3ac ./USB_HOST/Target/usbh_conf.o
 .debug_abbrev  0x00000000000043b4      0x112 ./USB_HOST/Target/usbh_platform.o

.debug_aranges  0x0000000000000000     0x1730
 .debug_aranges
                0x0000000000000000       0x58 ./Core/Src/LCD_LIB.o
 .debug_aranges
                0x0000000000000058       0x20 ./Core/Src/gpio.o
 .debug_aranges
                0x0000000000000078       0x30 ./Core/Src/i2c.o
 .debug_aranges
                0x00000000000000a8       0x30 ./Core/Src/i2s.o
 .debug_aranges
                0x00000000000000d8       0x30 ./Core/Src/main.o
 .debug_aranges
                0x0000000000000108       0x30 ./Core/Src/spi.o
 .debug_aranges
                0x0000000000000138       0x20 ./Core/Src/stm32f4xx_hal_msp.o
 .debug_aranges
                0x0000000000000158       0x68 ./Core/Src/stm32f4xx_it.o
 .debug_aranges
                0x00000000000001c0       0x20 ./Core/Src/sysmem.o
 .debug_aranges
                0x00000000000001e0       0x28 ./Core/Src/system_stm32f4xx.o
 .debug_aranges
                0x0000000000000208       0x30 ./Core/Src/tim.o
 .debug_aranges
                0x0000000000000238       0x28 ./Core/Startup/startup_stm32f407vgtx.o
 .debug_aranges
                0x0000000000000260       0xf0 ./Drivers/STM32F4xx_HAL_Driver/Src/stm32f4xx_hal.o
 .debug_aranges
                0x0000000000000350      0x118 ./Drivers/STM32F4xx_HAL_Driver/Src/stm32f4xx_hal_cortex.o
 .debug_aranges
                0x0000000000000468       0x58 ./Drivers/STM32F4xx_HAL_Driver/Src/stm32f4xx_hal_gpio.o
 .debug_aranges
                0x00000000000004c0       0xf8 ./Drivers/STM32F4xx_HAL_Driver/Src/stm32f4xx_hal_hcd.o
 .debug_aranges
                0x00000000000005b8      0x2a0 ./Drivers/STM32F4xx_HAL_Driver/Src/stm32f4xx_hal_i2c.o
 .debug_aranges
                0x0000000000000858      0x108 ./Drivers/STM32F4xx_HAL_Driver/Src/stm32f4xx_hal_i2s.o
 .debug_aranges
                0x0000000000000960       0x88 ./Drivers/STM32F4xx_HAL_Driver/Src/stm32f4xx_hal_i2s_ex.o
 .debug_aranges
                0x00000000000009e8       0x88 ./Drivers/STM32F4xx_HAL_Driver/Src/stm32f4xx_hal_rcc.o
 .debug_aranges
                0x0000000000000a70       0x48 ./Drivers/STM32F4xx_HAL_Driver/Src/stm32f4xx_hal_rcc_ex.o
 .debug_aranges
                0x0000000000000ab8      0x1d0 ./Drivers/STM32F4xx_HAL_Driver/Src/stm32f4xx_hal_spi.o
 .debug_aranges
                0x0000000000000c88      0x3d0 ./Drivers/STM32F4xx_HAL_Driver/Src/stm32f4xx_hal_tim.o
 .debug_aranges
                0x0000000000001058      0x168 ./Drivers/STM32F4xx_HAL_Driver/Src/stm32f4xx_hal_tim_ex.o
 .debug_aranges
                0x00000000000011c0      0x1a0 ./Drivers/STM32F4xx_HAL_Driver/Src/stm32f4xx_ll_usb.o
 .debug_aranges
                0x0000000000001360       0xa8 ./Middlewares/ST/STM32_USB_Host_Library/Class/CDC/Src/usbh_cdc.o
 .debug_aranges
                0x0000000000001408       0xc0 ./Middlewares/ST/STM32_USB_Host_Library/Core/Src/usbh_core.o
 .debug_aranges
                0x00000000000014c8       0xa0 ./Middlewares/ST/STM32_USB_Host_Library/Core/Src/usbh_ctlreq.o
 .debug_aranges
                0x0000000000001568       0x60 ./Middlewares/ST/STM32_USB_Host_Library/Core/Src/usbh_ioreq.o
 .debug_aranges
                0x00000000000015c8       0x40 ./Middlewares/ST/STM32_USB_Host_Library/Core/Src/usbh_pipes.o
 .debug_aranges
                0x0000000000001608       0x30 ./USB_HOST/App/usb_host.o
 .debug_aranges
                0x0000000000001638       0xd8 ./USB_HOST/Target/usbh_conf.o
 .debug_aranges
                0x0000000000001710       0x20 ./USB_HOST/Target/usbh_platform.o

.debug_ranges   0x0000000000000000     0x1540
 .debug_ranges  0x0000000000000000       0x48 ./Core/Src/LCD_LIB.o
 .debug_ranges  0x0000000000000048       0x10 ./Core/Src/gpio.o
 .debug_ranges  0x0000000000000058       0x20 ./Core/Src/i2c.o
 .debug_ranges  0x0000000000000078       0x20 ./Core/Src/i2s.o
 .debug_ranges  0x0000000000000098       0x20 ./Core/Src/main.o
 .debug_ranges  0x00000000000000b8       0x20 ./Core/Src/spi.o
 .debug_ranges  0x00000000000000d8       0x10 ./Core/Src/stm32f4xx_hal_msp.o
 .debug_ranges  0x00000000000000e8       0x58 ./Core/Src/stm32f4xx_it.o
 .debug_ranges  0x0000000000000140       0x10 ./Core/Src/sysmem.o
 .debug_ranges  0x0000000000000150       0x18 ./Core/Src/system_stm32f4xx.o
 .debug_ranges  0x0000000000000168       0x20 ./Core/Src/tim.o
 .debug_ranges  0x0000000000000188       0x20 ./Core/Startup/startup_stm32f407vgtx.o
 .debug_ranges  0x00000000000001a8       0xe0 ./Drivers/STM32F4xx_HAL_Driver/Src/stm32f4xx_hal.o
 .debug_ranges  0x0000000000000288      0x108 ./Drivers/STM32F4xx_HAL_Driver/Src/stm32f4xx_hal_cortex.o
 .debug_ranges  0x0000000000000390       0x48 ./Drivers/STM32F4xx_HAL_Driver/Src/stm32f4xx_hal_gpio.o
 .debug_ranges  0x00000000000003d8       0xe8 ./Drivers/STM32F4xx_HAL_Driver/Src/stm32f4xx_hal_hcd.o
 .debug_ranges  0x00000000000004c0      0x2a8 ./Drivers/STM32F4xx_HAL_Driver/Src/stm32f4xx_hal_i2c.o
 .debug_ranges  0x0000000000000768       0xf8 ./Drivers/STM32F4xx_HAL_Driver/Src/stm32f4xx_hal_i2s.o
 .debug_ranges  0x0000000000000860       0x78 ./Drivers/STM32F4xx_HAL_Driver/Src/stm32f4xx_hal_i2s_ex.o
 .debug_ranges  0x00000000000008d8       0x78 ./Drivers/STM32F4xx_HAL_Driver/Src/stm32f4xx_hal_rcc.o
 .debug_ranges  0x0000000000000950       0x38 ./Drivers/STM32F4xx_HAL_Driver/Src/stm32f4xx_hal_rcc_ex.o
 .debug_ranges  0x0000000000000988      0x1c0 ./Drivers/STM32F4xx_HAL_Driver/Src/stm32f4xx_hal_spi.o
 .debug_ranges  0x0000000000000b48      0x3c0 ./Drivers/STM32F4xx_HAL_Driver/Src/stm32f4xx_hal_tim.o
 .debug_ranges  0x0000000000000f08      0x158 ./Drivers/STM32F4xx_HAL_Driver/Src/stm32f4xx_hal_tim_ex.o
 .debug_ranges  0x0000000000001060      0x190 ./Drivers/STM32F4xx_HAL_Driver/Src/stm32f4xx_ll_usb.o
 .debug_ranges  0x00000000000011f0       0x98 ./Middlewares/ST/STM32_USB_Host_Library/Class/CDC/Src/usbh_cdc.o
 .debug_ranges  0x0000000000001288       0xb0 ./Middlewares/ST/STM32_USB_Host_Library/Core/Src/usbh_core.o
 .debug_ranges  0x0000000000001338       0x90 ./Middlewares/ST/STM32_USB_Host_Library/Core/Src/usbh_ctlreq.o
 .debug_ranges  0x00000000000013c8       0x50 ./Middlewares/ST/STM32_USB_Host_Library/Core/Src/usbh_ioreq.o
 .debug_ranges  0x0000000000001418       0x30 ./Middlewares/ST/STM32_USB_Host_Library/Core/Src/usbh_pipes.o
 .debug_ranges  0x0000000000001448       0x20 ./USB_HOST/App/usb_host.o
 .debug_ranges  0x0000000000001468       0xc8 ./USB_HOST/Target/usbh_conf.o
 .debug_ranges  0x0000000000001530       0x10 ./USB_HOST/Target/usbh_platform.o

.debug_macro    0x0000000000000000    0x25fad
 .debug_macro   0x0000000000000000      0x237 ./Core/Src/LCD_LIB.o
 .debug_macro   0x0000000000000237      0xa78 ./Core/Src/LCD_LIB.o
 .debug_macro   0x0000000000000caf      0x2ad ./Core/Src/LCD_LIB.o
 .debug_macro   0x0000000000000f5c       0x2e ./Core/Src/LCD_LIB.o
 .debug_macro   0x0000000000000f8a       0x2f ./Core/Src/LCD_LIB.o
 .debug_macro   0x0000000000000fb9       0x22 ./Core/Src/LCD_LIB.o
 .debug_macro   0x0000000000000fdb       0x8e ./Core/Src/LCD_LIB.o
 .debug_macro   0x0000000000001069       0x51 ./Core/Src/LCD_LIB.o
 .debug_macro   0x00000000000010ba      0x103 ./Core/Src/LCD_LIB.o
 .debug_macro   0x00000000000011bd       0x6a ./Core/Src/LCD_LIB.o
 .debug_macro   0x0000000000001227      0x1df ./Core/Src/LCD_LIB.o
 .debug_macro   0x0000000000001406       0x1c ./Core/Src/LCD_LIB.o
 .debug_macro   0x0000000000001422       0x22 ./Core/Src/LCD_LIB.o
 .debug_macro   0x0000000000001444       0xd9 ./Core/Src/LCD_LIB.o
 .debug_macro   0x000000000000151d     0x102d ./Core/Src/LCD_LIB.o
 .debug_macro   0x000000000000254a      0x11f ./Core/Src/LCD_LIB.o
 .debug_macro   0x0000000000002669    0x15e82 ./Core/Src/LCD_LIB.o
 .debug_macro   0x00000000000184eb       0x6d ./Core/Src/LCD_LIB.o
 .debug_macro   0x0000000000018558     0x367e ./Core/Src/LCD_LIB.o
 .debug_macro   0x000000000001bbd6      0x174 ./Core/Src/LCD_LIB.o
 .debug_macro   0x000000000001bd4a       0x5c ./Core/Src/LCD_LIB.o
 .debug_macro   0x000000000001bda6      0x96b ./Core/Src/LCD_LIB.o
 .debug_macro   0x000000000001c711      0x9fe ./Core/Src/LCD_LIB.o
 .debug_macro   0x000000000001d10f      0x115 ./Core/Src/LCD_LIB.o
 .debug_macro   0x000000000001d224      0x13e ./Core/Src/LCD_LIB.o
 .debug_macro   0x000000000001d362       0xa5 ./Core/Src/LCD_LIB.o
 .debug_macro   0x000000000001d407      0x174 ./Core/Src/LCD_LIB.o
 .debug_macro   0x000000000001d57b      0x287 ./Core/Src/LCD_LIB.o
 .debug_macro   0x000000000001d802       0x5f ./Core/Src/LCD_LIB.o
 .debug_macro   0x000000000001d861      0x236 ./Core/Src/LCD_LIB.o
 .debug_macro   0x000000000001da97      0x12c ./Core/Src/LCD_LIB.o
 .debug_macro   0x000000000001dbc3      0x21e ./Core/Src/LCD_LIB.o
 .debug_macro   0x000000000001dde1       0x2e ./Core/Src/LCD_LIB.o
 .debug_macro   0x000000000001de0f      0x1b5 ./Core/Src/LCD_LIB.o
 .debug_macro   0x000000000001dfc4       0xd6 ./Core/Src/LCD_LIB.o
 .debug_macro   0x000000000001e09a      0x1a7 ./Core/Src/LCD_LIB.o
 .debug_macro   0x000000000001e241       0x46 ./Core/Src/LCD_LIB.o
 .debug_macro   0x000000000001e287       0x4a ./Core/Src/LCD_LIB.o
 .debug_macro   0x000000000001e2d1      0x11a ./Core/Src/LCD_LIB.o
 .debug_macro   0x000000000001e3eb       0x7e ./Core/Src/LCD_LIB.o
 .debug_macro   0x000000000001e469       0x89 ./Core/Src/LCD_LIB.o
 .debug_macro   0x000000000001e4f2      0x225 ./Core/Src/LCD_LIB.o
 .debug_macro   0x000000000001e717      0x8e6 ./Core/Src/LCD_LIB.o
 .debug_macro   0x000000000001effd       0x47 ./Core/Src/LCD_LIB.o
 .debug_macro   0x000000000001f044      0x248 ./Core/Src/LCD_LIB.o
 .debug_macro   0x000000000001f28c       0x7c ./Core/Src/LCD_LIB.o
 .debug_macro   0x000000000001f308      0x12d ./Core/Src/LCD_LIB.o
 .debug_macro   0x000000000001f435      0x1f6 ./Core/Src/LCD_LIB.o
 .debug_macro   0x000000000001f62b      0x233 ./Core/Src/gpio.o
 .debug_macro   0x000000000001f85e      0x1f0 ./Core/Src/gpio.o
 .debug_macro   0x000000000001fa4e      0x233 ./Core/Src/i2c.o
 .debug_macro   0x000000000001fc81      0x233 ./Core/Src/i2s.o
 .debug_macro   0x000000000001feb4      0x3d2 ./Core/Src/main.o
 .debug_macro   0x0000000000020286       0x52 ./Core/Src/main.o
 .debug_macro   0x00000000000202d8       0x1e ./Core/Src/main.o
 .debug_macro   0x00000000000202f6       0x3c ./Core/Src/main.o
 .debug_macro   0x0000000000020332       0x34 ./Core/Src/main.o
 .debug_macro   0x0000000000020366       0x16 ./Core/Src/main.o
 .debug_macro   0x000000000002037c       0x35 ./Core/Src/main.o
 .debug_macro   0x00000000000203b1      0x341 ./Core/Src/main.o
 .debug_macro   0x00000000000206f2       0x10 ./Core/Src/main.o
 .debug_macro   0x0000000000020702       0x16 ./Core/Src/main.o
 .debug_macro   0x0000000000020718       0x43 ./Core/Src/main.o
 .debug_macro   0x000000000002075b       0x34 ./Core/Src/main.o
 .debug_macro   0x000000000002078f       0x10 ./Core/Src/main.o
 .debug_macro   0x000000000002079f       0x58 ./Core/Src/main.o
 .debug_macro   0x00000000000207f7       0x71 ./Core/Src/main.o
 .debug_macro   0x0000000000020868       0x1c ./Core/Src/main.o
 .debug_macro   0x0000000000020884      0x12a ./Core/Src/main.o
 .debug_macro   0x00000000000209ae       0x10 ./Core/Src/main.o
 .debug_macro   0x00000000000209be       0x1c ./Core/Src/main.o
 .debug_macro   0x00000000000209da       0x52 ./Core/Src/main.o
 .debug_macro   0x0000000000020a2c       0x22 ./Core/Src/main.o
 .debug_macro   0x0000000000020a4e       0x10 ./Core/Src/main.o
 .debug_macro   0x0000000000020a5e       0x52 ./Core/Src/main.o
 .debug_macro   0x0000000000020ab0       0xd5 ./Core/Src/main.o
 .debug_macro   0x0000000000020b85       0x1c ./Core/Src/main.o
 .debug_macro   0x0000000000020ba1       0x3d ./Core/Src/main.o
 .debug_macro   0x0000000000020bde       0x16 ./Core/Src/main.o
 .debug_macro   0x0000000000020bf4      0x145 ./Core/Src/main.o
 .debug_macro   0x0000000000020d39      0x233 ./Core/Src/spi.o
 .debug_macro   0x0000000000020f6c      0x229 ./Core/Src/stm32f4xx_hal_msp.o
 .debug_macro   0x0000000000021195      0x233 ./Core/Src/stm32f4xx_it.o
 .debug_macro   0x00000000000213c8       0xff ./Core/Src/sysmem.o
 .debug_macro   0x00000000000214c7      0x23b ./Core/Src/sysmem.o
 .debug_macro   0x0000000000021702      0x21a ./Core/Src/system_stm32f4xx.o
 .debug_macro   0x000000000002191c      0x233 ./Core/Src/tim.o
 .debug_macro   0x0000000000021b4f      0x27a ./Drivers/STM32F4xx_HAL_Driver/Src/stm32f4xx_hal.o
 .debug_macro   0x0000000000021dc9      0x21a ./Drivers/STM32F4xx_HAL_Driver/Src/stm32f4xx_hal_cortex.o
 .debug_macro   0x0000000000021fe3      0x220 ./Drivers/STM32F4xx_HAL_Driver/Src/stm32f4xx_hal_gpio.o
 .debug_macro   0x0000000000022203      0x21a ./Drivers/STM32F4xx_HAL_Driver/Src/stm32f4xx_hal_hcd.o
 .debug_macro   0x000000000002241d      0x261 ./Drivers/STM32F4xx_HAL_Driver/Src/stm32f4xx_hal_i2c.o
 .debug_macro   0x000000000002267e      0x222 ./Drivers/STM32F4xx_HAL_Driver/Src/stm32f4xx_hal_i2s.o
 .debug_macro   0x00000000000228a0      0x21a ./Drivers/STM32F4xx_HAL_Driver/Src/stm32f4xx_hal_i2s_ex.o
 .debug_macro   0x0000000000022aba      0x23e ./Drivers/STM32F4xx_HAL_Driver/Src/stm32f4xx_hal_rcc.o